Archive member included to satisfy reference by file (symbol)

C:/Users/alire/ncs/v1.8.0/toolchain/segger_embedded_studio/lib/libc_v7em_fpv4_sp_d16_hard_t_le_eabi.a(libc2.o)
                              Output/Release/Obj/uart_pca10056/nrf_log_str_formatter.o (isprint)
C:/Users/alire/ncs/v1.8.0/toolchain/segger_embedded_studio/lib/libc_v7em_fpv4_sp_d16_hard_t_le_eabi.a(libc2_asm.o)
                              Output/Release/Obj/uart_pca10056/nrf_log_frontend.o (memcpy)
C:/Users/alire/ncs/v1.8.0/toolchain/segger_embedded_studio/lib/libc_v7em_fpv4_sp_d16_hard_t_le_eabi.a(libvfprintf.o)
                              (__vfprintf_long)
C:/Users/alire/ncs/v1.8.0/toolchain/segger_embedded_studio/lib/libc_v7em_fpv4_sp_d16_hard_t_le_eabi.a(libvfscanf.o)
                              (__vfscanf_long)
C:/Users/alire/ncs/v1.8.0/toolchain/segger_embedded_studio/lib/libc_v7em_fpv4_sp_d16_hard_t_le_eabi.a(libc.o)
                              C:/Users/alire/ncs/v1.8.0/toolchain/segger_embedded_studio/lib/libc_v7em_fpv4_sp_d16_hard_t_le_eabi.a(libc2.o) (__heap_lock)
C:/Users/alire/ncs/v1.8.0/toolchain/segger_embedded_studio/lib/libc_v7em_fpv4_sp_d16_hard_t_le_eabi.a(libc_asm.o)
                              C:/Users/alire/ncs/v1.8.0/toolchain/segger_embedded_studio/lib/libc_v7em_fpv4_sp_d16_hard_t_le_eabi.a(libc2.o) (__aeabi_uldivmod)
C:/Users/alire/ncs/v1.8.0/toolchain/segger_embedded_studio/lib/libdebugio_v7em_fpv4_sp_d16_hard_t_le_eabi.a(libdebugio.o)
                              Output/Release/Obj/uart_pca10056/thumb_crt0.o (debug_fopen)
C:/Users/alire/ncs/v1.8.0/toolchain/segger_embedded_studio/lib/libdebugio_v7em_fpv4_sp_d16_hard_t_le_eabi.a(do_nv_debug_operation.o)
                              C:/Users/alire/ncs/v1.8.0/toolchain/segger_embedded_studio/lib/libdebugio_v7em_fpv4_sp_d16_hard_t_le_eabi.a(libdebugio.o) (__do_nvdebug_operation)
C:/Users/alire/ncs/v1.8.0/toolchain/segger_embedded_studio/lib/libdebugio_v7em_fpv4_sp_d16_hard_t_le_eabi.a(mempoll_debug_operations.o)
                              (__do_debug_operation_mempoll)
C:/Users/alire/ncs/v1.8.0/toolchain/segger_embedded_studio/lib/libm_v7em_fpv4_sp_d16_hard_t_le_eabi.a(libm_asm.o)
                              C:/Users/alire/ncs/v1.8.0/toolchain/segger_embedded_studio/lib/libc_v7em_fpv4_sp_d16_hard_t_le_eabi.a(libc2.o) (__aeabi_dadd)
C:/Users/alire/ncs/v1.8.0/toolchain/segger_embedded_studio/lib/libm_v7em_fpv4_sp_d16_hard_t_le_eabi.a(libm2.o)
                              C:/Users/alire/ncs/v1.8.0/toolchain/segger_embedded_studio/lib/libc_v7em_fpv4_sp_d16_hard_t_le_eabi.a(libvfprintf.o) (frexp)

Discarded input sections

 .text          0x0000000000000000        0x0 Output/Release/Obj/uart_pca10056/thumb_crt0.o
 .data          0x0000000000000000        0x0 Output/Release/Obj/uart_pca10056/thumb_crt0.o
 .bss           0x0000000000000000        0x0 Output/Release/Obj/uart_pca10056/thumb_crt0.o
 .text.__aeabi_read_tp
                0x0000000000000000        0x8 Output/Release/Obj/uart_pca10056/thumb_crt0.o
 .text.abort    0x0000000000000000        0x2 Output/Release/Obj/uart_pca10056/thumb_crt0.o
 .text.__assert
                0x0000000000000000        0x2 Output/Release/Obj/uart_pca10056/thumb_crt0.o
 .text.__assert_func
                0x0000000000000000        0x2 Output/Release/Obj/uart_pca10056/thumb_crt0.o
 .text.__aeabi_assert
                0x0000000000000000        0x2 Output/Release/Obj/uart_pca10056/thumb_crt0.o
 .text.__sync_synchronize
                0x0000000000000000        0x2 Output/Release/Obj/uart_pca10056/thumb_crt0.o
 .text.__getchar
                0x0000000000000000        0x4 Output/Release/Obj/uart_pca10056/thumb_crt0.o
 .text.__putchar
                0x0000000000000000        0x4 Output/Release/Obj/uart_pca10056/thumb_crt0.o
 .text.__open   0x0000000000000000        0x4 Output/Release/Obj/uart_pca10056/thumb_crt0.o
 .text.__close  0x0000000000000000        0x4 Output/Release/Obj/uart_pca10056/thumb_crt0.o
 .text.__write  0x0000000000000000        0xa Output/Release/Obj/uart_pca10056/thumb_crt0.o
 .text.__read   0x0000000000000000        0xa Output/Release/Obj/uart_pca10056/thumb_crt0.o
 .text.__seek   0x0000000000000000       0x1a Output/Release/Obj/uart_pca10056/thumb_crt0.o
 .text.remove   0x0000000000000000        0x4 Output/Release/Obj/uart_pca10056/thumb_crt0.o
 .text.rename   0x0000000000000000        0x4 Output/Release/Obj/uart_pca10056/thumb_crt0.o
 .bss.__user_locale_name_buffer
                0x0000000000000000        0x4 Output/Release/Obj/uart_pca10056/thumb_crt0.o
 .stack         0x0000000000000000        0x0 Output/Release/Obj/uart_pca10056/thumb_crt0.o
 .stack_process
                0x0000000000000000        0x0 Output/Release/Obj/uart_pca10056/thumb_crt0.o
 .heap          0x0000000000000000        0x0 Output/Release/Obj/uart_pca10056/thumb_crt0.o
 .group         0x0000000000000000        0xc Output/Release/Obj/uart_pca10056/nrf_log_frontend.o
[...]
Memory Configuration

Name             Origin             Length             Attributes
UNPLACED_SECTIONS 0x0000000100000000 0x0000000000000000 xw
RAM1             0x0000000020000000 0x0000000000040000 xw
FLASH1           0x0000000000000000 0x0000000000100000 xw
*default*        0x0000000000000000 0xffffffffffffffff

Linker script and memory map

                0x0000000000000000                __do_debug_operation = __do_debug_operation_mempoll
                0x0000000000000000                __vfprintf = __vfprintf_long
                0x0000000000000000                __vfscanf = __vfscanf_long
                0x0000000020000000                __RAM1_segment_start__ = 0x20000000
                0x0000000020040000                __RAM1_segment_end__ = 0x20040000
                0x0000000000040000                __RAM1_segment_size__ = 0x40000
                0x0000000000000000                __FLASH1_segment_start__ = 0x0
                0x0000000000100000                __FLASH1_segment_end__ = 0x100000
                0x0000000000100000                __FLASH1_segment_size__ = 0x100000
                0x0000000000002000                __HEAPSIZE__ = 0x2000
                0x0000000000000000                __STACKSIZE_PROCESS__ = 0x0
                0x0000000000002000                __STACKSIZE__ = 0x2000
                0x0000000020000000                __vectors_ram_load_start__ = 0x20000000

.vectors_ram    0x0000000020000000        0x0
                0x0000000020000000                __vectors_ram_start__ = .
                0x0000000020000000                __app_ram_start__ = __vectors_ram_start__
 *(.vectors_ram .vectors_ram.*)
                0x0000000020000000                __vectors_ram_end__ = (__vectors_ram_start__ + SIZEOF (.vectors_ram))
                0x0000000000000000                __vectors_ram_size__ = SIZEOF (.vectors_ram)
                0x0000000020000000                __vectors_ram_load_end__ = __vectors_ram_end__
                0x0000000000000001                . = ASSERT (((__vectors_ram_start__ == __vectors_ram_end__) || ((__vectors_ram_end__ - __RAM1_segment_start__) <= __RAM1_segment_size__)), error: .vectors_ram is too large to fit in RAM1 memory segment)
                0x0000000020000000                __nrf_sections_run_load_start__ = ALIGN (__vectors_ram_end__, 0x4)

.nrf_sections_run
                0x0000000020000000        0x0
                0x0000000020000000                __nrf_sections_run_start__ = .
                0x0000000020000000                __start_nrf_sections_run = __nrf_sections_run_start__
 *(.nrf_sections_run .nrf_sections_run.*)
                0x0000000020000000                __nrf_sections_run_end__ = (__nrf_sections_run_start__ + SIZEOF (.nrf_sections_run))
                0x0000000000000000                __nrf_sections_run_size__ = SIZEOF (.nrf_sections_run)
                0x0000000020000000                __nrf_sections_run_load_end__ = __nrf_sections_run_end__
                0x0000000000000001                . = ASSERT (((__nrf_sections_run_start__ == __nrf_sections_run_end__) || ((__nrf_sections_run_end__ - __RAM1_segment_start__) <= __RAM1_segment_size__)), error: .nrf_sections_run is too large to fit in RAM1 memory segment)
                0x0000000000000000                __vectors_load_start__ = 0x0

.vectors        0x0000000000000000      0x200
                0x0000000000000000                __vectors_start__ = .
 *(.vectors .vectors.*)
 .vectors       0x0000000000000000      0x200 Output/Release/Obj/uart_pca10056/ses_startup_nrf52840.o
                0x0000000000000000                _vectors
                0x0000000000000200                __vectors_end__ = (__vectors_start__ + SIZEOF (.vectors))
                0x0000000000000200                __vectors_size__ = SIZEOF (.vectors)
                0x0000000000000200                __vectors_load_end__ = __vectors_end__
                0x0000000000000001                . = ASSERT (((__vectors_start__ == __vectors_end__) || ((__vectors_end__ - __FLASH1_segment_start__) <= __FLASH1_segment_size__)), error: .vectors is too large to fit in FLASH1 memory segment)
                0x0000000000000200                __init_load_start__ = ALIGN (__vectors_end__, 0x4)

.init           0x0000000000000200      0x1d0
                0x0000000000000200                __init_start__ = .
 *(.init .init.*)
 .init          0x0000000000000200      0x15c Output/Release/Obj/uart_pca10056/thumb_crt0.o
                0x0000000000000200                _start
                0x00000000000002b4                exit
 .init          0x000000000000035c       0x18 Output/Release/Obj/uart_pca10056/ses_startup_nrf52840.o
                0x000000000000035c                NMI_Handler
                0x000000000000035e                HardFault_Handler
                0x0000000000000360                MemoryManagement_Handler
                0x0000000000000362                BusFault_Handler
                0x0000000000000364                UsageFault_Handler
                0x0000000000000366                SVC_Handler
                0x0000000000000368                DebugMon_Handler
                0x000000000000036a                PendSV_Handler
                0x000000000000036c                SysTick_Handler
                0x000000000000036e                PWM1_IRQHandler
                0x000000000000036e                RTC0_IRQHandler
                0x000000000000036e                POWER_CLOCK_IRQHandler
                0x000000000000036e                RADIO_IRQHandler
                0x000000000000036e                PDM_IRQHandler
                0x000000000000036e                TEMP_IRQHandler
                0x000000000000036e                QDEC_IRQHandler
                0x000000000000036e                TIMER3_IRQHandler
                0x000000000000036e                PWM3_IRQHandler
                0x000000000000036e                FPU_IRQHandler
                0x000000000000036e                USBD_IRQHandler
                0x000000000000036e                QSPI_IRQHandler
                0x000000000000036e                TIMER4_IRQHandler
                0x000000000000036e                SWI2_EGU2_IRQHandler
                0x000000000000036e                I2S_IRQHandler
                0x000000000000036e                SWI4_EGU4_IRQHandler
                0x000000000000036e                TIMER0_IRQHandler
                0x000000000000036e                UARTE1_IRQHandler
                0x000000000000036e                Dummy_Handler
                0x000000000000036e                TIMER1_IRQHandler
                0x000000000000036e                PWM2_IRQHandler
                0x000000000000036e                ECB_IRQHandler
                0x000000000000036e                SPIM1_SPIS1_TWIM1_TWIS1_SPI1_TWI1_IRQHandler
                0x000000000000036e                SAADC_IRQHandler
                0x000000000000036e                CCM_AAR_IRQHandler
                0x000000000000036e                WDT_IRQHandler
                0x000000000000036e                SWI0_EGU0_IRQHandler
                0x000000000000036e                SWI5_EGU5_IRQHandler
                0x000000000000036e                RNG_IRQHandler
                0x000000000000036e                RTC2_IRQHandler
                0x000000000000036e                PWM0_IRQHandler
                0x000000000000036e                SWI3_EGU3_IRQHandler
                0x000000000000036e                RTC1_IRQHandler
                0x000000000000036e                SWI1_EGU1_IRQHandler
                0x000000000000036e                NFCT_IRQHandler
                0x000000000000036e                CRYPTOCELL_IRQHandler
                0x000000000000036e                MWU_IRQHandler
                0x000000000000036e                TIMER2_IRQHandler
                0x000000000000036e                COMP_LPCOMP_IRQHandler
                0x0000000000000370                nRFInitialize
 .init          0x0000000000000374       0x5c Output/Release/Obj/uart_pca10056/ses_startup_nrf_common.o
                0x0000000000000374                Reset_Handler
                0x0000000000000378                afterInitialize
                0x000000000000039c                InitializeUserMemorySections
                0x00000000000003d0                __init_end__ = (__init_start__ + SIZEOF (.init))
                0x00000000000001d0                __init_size__ = SIZEOF (.init)
                0x00000000000003d0                __init_load_end__ = __init_end__
                0x0000000000000001                . = ASSERT (((__init_start__ == __init_end__) || ((__init_end__ - __FLASH1_segment_start__) <= __FLASH1_segment_size__)), error: .init is too large to fit in FLASH1 memory segment)
                0x00000000000003d0                __init_rodata_load_start__ = ALIGN (__init_end__, 0x4)

.init_rodata    0x00000000000003d0        0x0
                0x00000000000003d0                __init_rodata_start__ = .
 *(.init_rodata .init_rodata.*)
                0x00000000000003d0                __init_rodata_end__ = (__init_rodata_start__ + SIZEOF (.init_rodata))
                0x0000000000000000                __init_rodata_size__ = SIZEOF (.init_rodata)
                0x00000000000003d0                __init_rodata_load_end__ = __init_rodata_end__
                0x0000000000000001                . = ASSERT (((__init_rodata_start__ == __init_rodata_end__) || ((__init_rodata_end__ - __FLASH1_segment_start__) <= __FLASH1_segment_size__)), error: .init_rodata is too large to fit in FLASH1 memory segment)
                0x00000000000003d0                __text_load_start__ = ALIGN (__init_rodata_end__, 0x4)

.text           0x00000000000003d0     0x3b6c
                0x00000000000003d0                __text_start__ = .
 *(.text .text.* .glue_7t .glue_7 .gnu.linkonce.t.* .gcc_except_table .ARM.extab* .gnu.linkonce.armextab.*)
 .glue_7        0x00000000000003d0        0x0 linker stubs
 .glue_7t       0x00000000000003d0        0x0 linker stubs
 .text.invalid_packets_omit
                0x00000000000003d0       0x3a Output/Release/Obj/uart_pca10056/nrf_log_frontend.o
 *fill*         0x000000000000040a        0x2 
 .text.buf_prealloc
                0x000000000000040c      0x11c Output/Release/Obj/uart_pca10056/nrf_log_frontend.o
 .text.log_pending_hook
                0x0000000000000528        0x2 Output/Release/Obj/uart_pca10056/nrf_log_frontend.o
                0x0000000000000528                log_pending_hook
 *fill*         0x000000000000052a        0x2 
 .text.buffer_is_empty
                0x000000000000052c       0x14 Output/Release/Obj/uart_pca10056/nrf_log_frontend.o
                0x000000000000052c                buffer_is_empty
 .text.nrf_log_frontend_dequeue
                0x0000000000000540      0x200 Output/Release/Obj/uart_pca10056/nrf_log_frontend.o
                0x0000000000000540                nrf_log_frontend_dequeue
 .text.std_n    0x0000000000000740       0x90 Output/Release/Obj/uart_pca10056/nrf_log_frontend.o
 .text.nrf_log_frontend_std_0
                0x00000000000007d0        0x8 Output/Release/Obj/uart_pca10056/nrf_log_frontend.o
                0x00000000000007d0                nrf_log_frontend_std_0
 .text.nrf_log_panic
                0x00000000000007d8       0x28 Output/Release/Obj/uart_pca10056/nrf_log_frontend.o
                0x00000000000007d8                nrf_log_panic
 .text.bsp_board_led_off
                0x0000000000000800       0x28 Output/Release/Obj/uart_pca10056/boards.o
                0x0000000000000800                bsp_board_led_off
 .text.bsp_board_leds_off
                0x0000000000000828       0x1e Output/Release/Obj/uart_pca10056/boards.o
                0x0000000000000828                bsp_board_leds_off
 .text.bsp_board_init
                0x0000000000000846       0x3e Output/Release/Obj/uart_pca10056/boards.o
                0x0000000000000846                bsp_board_init
 .text.app_error_handler_bare
                0x0000000000000884       0x1a Output/Release/Obj/uart_pca10056/app_error.o
                0x0000000000000884                app_error_handler_bare
 *fill*         0x000000000000089e        0x2 
 .text.app_error_fault_handler
                0x00000000000008a0       0x6c Output/Release/Obj/uart_pca10056/app_error_weak.o
                0x00000000000008a0                app_error_fault_handler
 .text.app_fifo_init
                0x000000000000090c       0x1e Output/Release/Obj/uart_pca10056/app_fifo.o
                0x000000000000090c                app_fifo_init
 .text.app_fifo_put
                0x000000000000092a       0x24 Output/Release/Obj/uart_pca10056/app_fifo.o
                0x000000000000092a                app_fifo_put
 .text.app_fifo_get
                0x000000000000094e       0x22 Output/Release/Obj/uart_pca10056/app_fifo.o
                0x000000000000094e                app_fifo_get
 .text.nrf_drv_uart_rx.constprop.0
                0x0000000000000970       0x28 Output/Release/Obj/uart_pca10056/app_uart_fifo.o
 .text.nrf_drv_uart_tx.constprop.0
                0x0000000000000998       0x28 Output/Release/Obj/uart_pca10056/app_uart_fifo.o
 .text.uart_event_handler
                0x00000000000009c0       0xa0 Output/Release/Obj/uart_pca10056/app_uart_fifo.o
 .text.app_uart_init
                0x0000000000000a60       0xb0 Output/Release/Obj/uart_pca10056/app_uart_fifo.o
                0x0000000000000a60                app_uart_init
 .text.app_uart_get
                0x0000000000000b10       0x2c Output/Release/Obj/uart_pca10056/app_uart_fifo.o
                0x0000000000000b10                app_uart_get
 .text.app_uart_put
                0x0000000000000b3c       0x50 Output/Release/Obj/uart_pca10056/app_uart_fifo.o
                0x0000000000000b3c                app_uart_put
 .text.app_util_disable_irq
                0x0000000000000b8c       0x10 Output/Release/Obj/uart_pca10056/app_util_platform.o
                0x0000000000000b8c                app_util_disable_irq
 .text.app_util_enable_irq
                0x0000000000000b9c       0x14 Output/Release/Obj/uart_pca10056/app_util_platform.o
                0x0000000000000b9c                app_util_enable_irq
 .text.app_util_critical_region_enter
                0x0000000000000bb0        0x4 Output/Release/Obj/uart_pca10056/app_util_platform.o
                0x0000000000000bb0                app_util_critical_region_enter
 .text.app_util_critical_region_exit
                0x0000000000000bb4        0x4 Output/Release/Obj/uart_pca10056/app_util_platform.o
                0x0000000000000bb4                app_util_critical_region_exit
 .text.nrf_atomic_u32_fetch_store
                0x0000000000000bb8       0x16 Output/Release/Obj/uart_pca10056/nrf_atomic.o
                0x0000000000000bb8                nrf_atomic_u32_fetch_store
 .text.nrf_atomic_u32_or
                0x0000000000000bce       0x18 Output/Release/Obj/uart_pca10056/nrf_atomic.o
                0x0000000000000bce                nrf_atomic_u32_or
 .text.nrf_atomic_u32_fetch_and
                0x0000000000000be6       0x18 Output/Release/Obj/uart_pca10056/nrf_atomic.o
                0x0000000000000be6                nrf_atomic_u32_fetch_and
 .text.nrf_atomic_u32_add
                0x0000000000000bfe       0x18 Output/Release/Obj/uart_pca10056/nrf_atomic.o
                0x0000000000000bfe                nrf_atomic_u32_add
 .text.nrf_atomic_u32_sub
                0x0000000000000c16       0x18 Output/Release/Obj/uart_pca10056/nrf_atomic.o
                0x0000000000000c16                nrf_atomic_u32_sub
 .text.nrf_atomic_flag_set
                0x0000000000000c2e        0x6 Output/Release/Obj/uart_pca10056/nrf_atomic.o
                0x0000000000000c2e                nrf_atomic_flag_set
 .text.nrf_atomic_flag_clear_fetch
                0x0000000000000c34        0x6 Output/Release/Obj/uart_pca10056/nrf_atomic.o
                0x0000000000000c34                nrf_atomic_flag_clear_fetch
 .text.nrf_balloc_alloc
                0x0000000000000c3a       0x40 Output/Release/Obj/uart_pca10056/nrf_balloc.o
                0x0000000000000c3a                nrf_balloc_alloc
 .text.nrf_balloc_free
                0x0000000000000c7a       0x2a Output/Release/Obj/uart_pca10056/nrf_balloc.o
                0x0000000000000c7a                nrf_balloc_free
 .text.memobj_op
                0x0000000000000ca4       0x86 Output/Release/Obj/uart_pca10056/nrf_memobj.o
 .text.nrf_memobj_free
                0x0000000000000d2a       0x2c Output/Release/Obj/uart_pca10056/nrf_memobj.o
                0x0000000000000d2a                nrf_memobj_free
 .text.nrf_memobj_alloc
                0x0000000000000d56       0x5e Output/Release/Obj/uart_pca10056/nrf_memobj.o
                0x0000000000000d56                nrf_memobj_alloc
 .text.nrf_memobj_get
                0x0000000000000db4        0x8 Output/Release/Obj/uart_pca10056/nrf_memobj.o
                0x0000000000000db4                nrf_memobj_get
 .text.nrf_memobj_put
                0x0000000000000dbc       0x1c Output/Release/Obj/uart_pca10056/nrf_memobj.o
                0x0000000000000dbc                nrf_memobj_put
 .text.nrf_memobj_write
                0x0000000000000dd8       0x14 Output/Release/Obj/uart_pca10056/nrf_memobj.o
                0x0000000000000dd8                nrf_memobj_write
 .text.uarte_evt_handler
                0x0000000000000dec       0x34 Output/Release/Obj/uart_pca10056/nrf_drv_uart.o
 .text.uart_evt_handler
                0x0000000000000e20       0x34 Output/Release/Obj/uart_pca10056/nrf_drv_uart.o
 .text.nrf_drv_uart_init
                0x0000000000000e54       0x7c Output/Release/Obj/uart_pca10056/nrf_drv_uart.o
                0x0000000000000e54                nrf_drv_uart_init
 .text.UARTE0_UART0_IRQHandler
                0x0000000000000ed0        0xc Output/Release/Obj/uart_pca10056/nrfx_prs.o
                0x0000000000000ed0                UARTE0_UART0_IRQHandler
 .text.nrfx_prs_acquire
                0x0000000000000edc       0x38 Output/Release/Obj/uart_pca10056/nrfx_prs.o
                0x0000000000000edc                nrfx_prs_acquire
 .text.nrfx_prs_release
                0x0000000000000f14       0x18 Output/Release/Obj/uart_pca10056/nrfx_prs.o
                0x0000000000000f14                nrfx_prs_release
 .text.nrf_uart_event_clear
                0x0000000000000f2c       0x10 Output/Release/Obj/uart_pca10056/nrfx_uart.o
 .text.tx_byte  0x0000000000000f3c       0x1e Output/Release/Obj/uart_pca10056/nrfx_uart.o
 .text.rx_enable
                0x0000000000000f5a       0x20 Output/Release/Obj/uart_pca10056/nrfx_uart.o
 .text.rx_byte  0x0000000000000f7a       0x2c Output/Release/Obj/uart_pca10056/nrfx_uart.o
 *fill*         0x0000000000000fa6        0x2 
 .text.rx_done_event.constprop.0
                0x0000000000000fa8       0x20 Output/Release/Obj/uart_pca10056/nrfx_uart.o
 .text.nrfx_uart_0_irq_handler
                0x0000000000000fc8      0x140 Output/Release/Obj/uart_pca10056/nrfx_uart.o
                0x0000000000000fc8                nrfx_uart_0_irq_handler
 .text.nrfx_uart_init
                0x0000000000001108      0x1a0 Output/Release/Obj/uart_pca10056/nrfx_uart.o
                0x0000000000001108                nrfx_uart_init
 .text.nrfx_uart_tx_in_progress
                0x00000000000012a8       0x18 Output/Release/Obj/uart_pca10056/nrfx_uart.o
                0x00000000000012a8                nrfx_uart_tx_in_progress
 .text.nrfx_uart_tx
                0x00000000000012c0       0xa0 Output/Release/Obj/uart_pca10056/nrfx_uart.o
                0x00000000000012c0                nrfx_uart_tx
 .text.nrfx_uart_rx
                0x0000000000001360       0xf4 Output/Release/Obj/uart_pca10056/nrfx_uart.o
                0x0000000000001360                nrfx_uart_rx
 .text.nrf_uarte_event_clear
                0x0000000000001454       0x10 Output/Release/Obj/uart_pca10056/nrfx_uarte.o
 .text.rx_done_event.constprop.0
                0x0000000000001464       0x20 Output/Release/Obj/uart_pca10056/nrfx_uarte.o
 .text.nrfx_uarte_0_irq_handler
                0x0000000000001484      0x118 Output/Release/Obj/uart_pca10056/nrfx_uarte.o
                0x0000000000001484                nrfx_uarte_0_irq_handler
 .text.nrfx_uarte_init
                0x000000000000159c      0x1b8 Output/Release/Obj/uart_pca10056/nrfx_uarte.o
                0x000000000000159c                nrfx_uarte_init
 .text.nrfx_uarte_tx_in_progress
                0x0000000000001754       0x18 Output/Release/Obj/uart_pca10056/nrfx_uarte.o
                0x0000000000001754                nrfx_uarte_tx_in_progress
 .text.nrfx_uarte_tx
                0x000000000000176c       0x9c Output/Release/Obj/uart_pca10056/nrfx_uarte.o
                0x000000000000176c                nrfx_uarte_tx
 .text.nrfx_uarte_rx
                0x0000000000001808       0xd8 Output/Release/Obj/uart_pca10056/nrfx_uarte.o
                0x0000000000001808                nrfx_uarte_rx
 .text.nrf_gpiote_event_clear
                0x00000000000018e0       0x18 Output/Release/Obj/uart_pca10056/nrfx_gpiote.o
 .text.nrf_gpio_pin_port_decode
                0x00000000000018f8       0x18 Output/Release/Obj/uart_pca10056/nrfx_gpiote.o
 .text.nrf_gpio_cfg_sense_set
                0x0000000000001910       0x2e Output/Release/Obj/uart_pca10056/nrfx_gpiote.o
 *fill*         0x000000000000193e        0x2 
 .text.channel_free
                0x0000000000001940       0x1c Output/Release/Obj/uart_pca10056/nrfx_gpiote.o
 .text.nrfx_gpiote_init
                0x000000000000195c       0x8c Output/Release/Obj/uart_pca10056/nrfx_gpiote.o
                0x000000000000195c                nrfx_gpiote_init
 .text.nrfx_gpiote_in_init
                0x00000000000019e8      0x100 Output/Release/Obj/uart_pca10056/nrfx_gpiote.o
                0x00000000000019e8                nrfx_gpiote_in_init
 .text.nrfx_gpiote_in_event_enable
                0x0000000000001ae8       0x9c Output/Release/Obj/uart_pca10056/nrfx_gpiote.o
                0x0000000000001ae8                nrfx_gpiote_in_event_enable
 .text.nrfx_gpiote_in_event_disable
                0x0000000000001b84       0x44 Output/Release/Obj/uart_pca10056/nrfx_gpiote.o
                0x0000000000001b84                nrfx_gpiote_in_event_disable
 .text.nrfx_gpiote_in_is_set
                0x0000000000001bc8       0x1c Output/Release/Obj/uart_pca10056/nrfx_gpiote.o
                0x0000000000001bc8                nrfx_gpiote_in_is_set
 .text.GPIOTE_IRQHandler
                0x0000000000001be4      0x164 Output/Release/Obj/uart_pca10056/nrfx_gpiote.o
                0x0000000000001be4                GPIOTE_IRQHandler
 .text.spim_evt_handler
                0x0000000000001d48       0x3c Output/Release/Obj/uart_pca10056/nrf_drv_spi.o
 .text.nrf_drv_spi_init
                0x0000000000001d84       0x64 Output/Release/Obj/uart_pca10056/nrf_drv_spi.o
                0x0000000000001d84                nrf_drv_spi_init
 .text.nrf_gpio_pin_clear
                0x0000000000001de8       0x20 Output/Release/Obj/uart_pca10056/nrfx_spim.o
 .text.nrf_gpio_pin_set
                0x0000000000001e08       0x20 Output/Release/Obj/uart_pca10056/nrfx_spim.o
 .text.irq_handler
                0x0000000000001e28       0x60 Output/Release/Obj/uart_pca10056/nrfx_spim.o
 .text.SPIM0_SPIS0_TWIM0_TWIS0_SPI0_TWI0_IRQHandler
                0x0000000000001e88       0x10 Output/Release/Obj/uart_pca10056/nrfx_spim.o
                0x0000000000001e88                SPIM0_SPIS0_TWIM0_TWIS0_SPI0_TWI0_IRQHandler
 .text.SPIM2_SPIS2_SPI2_IRQHandler
                0x0000000000001e98       0x10 Output/Release/Obj/uart_pca10056/nrfx_spim.o
                0x0000000000001e98                SPIM2_SPIS2_SPI2_IRQHandler
 .text.SPIM3_IRQHandler
                0x0000000000001ea8       0x10 Output/Release/Obj/uart_pca10056/nrfx_spim.o
                0x0000000000001ea8                SPIM3_IRQHandler
 .text.nrfx_spim_init
                0x0000000000001eb8      0x1d4 Output/Release/Obj/uart_pca10056/nrfx_spim.o
                0x0000000000001eb8                nrfx_spim_init
 .text.nrfx_spim_uninit
                0x000000000000208c       0xbc Output/Release/Obj/uart_pca10056/nrfx_spim.o
                0x000000000000208c                nrfx_spim_uninit
 .text.nrfx_spim_xfer
                0x0000000000002148      0x18c Output/Release/Obj/uart_pca10056/nrfx_spim.o
                0x0000000000002148                nrfx_spim_xfer
 .text.nrf52_errata_36
                0x00000000000022d4       0x12 Output/Release/Obj/uart_pca10056/system_nrf52840.o
 *fill*         0x00000000000022e6        0x2 
 .text.nrf52_errata_98
                0x00000000000022e8       0x24 Output/Release/Obj/uart_pca10056/system_nrf52840.o
 .text.nvmc_wait
                0x000000000000230c       0x10 Output/Release/Obj/uart_pca10056/system_nrf52840.o
                0x000000000000230c                nvmc_wait
 .text.SystemInit
                0x000000000000231c      0x1e8 Output/Release/Obj/uart_pca10056/system_nrf52840.o
                0x000000000000231c                SystemInit
 .text.identity_get_address
                0x0000000000002504        0xc Output/Release/Obj/uart_pca10056/identity.o
                0x0000000000002504                identity_get_address
 .text.identity_set_address
                0x0000000000002510        0xc Output/Release/Obj/uart_pca10056/identity.o
                0x0000000000002510                identity_set_address
 .text.identity_get_operations
                0x000000000000251c        0xc Output/Release/Obj/uart_pca10056/identity.o
                0x000000000000251c                identity_get_operations
 .text.identity_set_operations
                0x0000000000002528        0xc Output/Release/Obj/uart_pca10056/identity.o
                0x0000000000002528                identity_set_operations
 .text.identity_append_operations
                0x0000000000002534       0x10 Output/Release/Obj/uart_pca10056/identity.o
                0x0000000000002534                identity_append_operations
 .text.sfd_ok_cb
                0x0000000000002544        0x2 Output/Release/Obj/uart_pca10056/instance.o
                0x0000000000002544                sfd_ok_cb
 *fill*         0x0000000000002546        0x2 
 .text.rx_err_cb
                0x0000000000002548       0x14 Output/Release/Obj/uart_pca10056/instance.o
                0x0000000000002548                rx_err_cb
 .text.rx_to_cb
                0x000000000000255c        0x2 Output/Release/Obj/uart_pca10056/instance.o
                0x000000000000255c                rx_to_cb
 *fill*         0x000000000000255e        0x2 
 .text.init_LEDs
                0x0000000000002560       0x38 Output/Release/Obj/uart_pca10056/instance.o
                0x0000000000002560                init_LEDs
 .text.init_tx_packet
                0x0000000000002598       0x98 Output/Release/Obj/uart_pca10056/instance.o
                0x0000000000002598                init_tx_packet
 .text.gpio_set
                0x0000000000002630       0x14 Output/Release/Obj/uart_pca10056/instance.o
                0x0000000000002630                gpio_set
 .text.gpio_reset
                0x0000000000002644       0x14 Output/Release/Obj/uart_pca10056/instance.o
                0x0000000000002644                gpio_reset
 .text.init_NRF
                0x0000000000002658       0x2c Output/Release/Obj/uart_pca10056/instance.o
                0x0000000000002658                init_NRF
 .text.set_radio_params
                0x0000000000002684       0x48 Output/Release/Obj/uart_pca10056/instance.o
                0x0000000000002684                set_radio_params
 .text.instance_tx
                0x00000000000026cc       0x84 Output/Release/Obj/uart_pca10056/instance.o
                0x00000000000026cc                instance_tx
 .text.tx_conf_cb
                0x0000000000002750       0x48 Output/Release/Obj/uart_pca10056/instance.o
                0x0000000000002750                tx_conf_cb
 .text.instance_rx
                0x0000000000002798       0x1c Output/Release/Obj/uart_pca10056/instance.o
                0x0000000000002798                instance_rx
 .text.process_message
                0x00000000000027b4       0x20 Output/Release/Obj/uart_pca10056/instance.o
                0x00000000000027b4                process_message
 .text.rx_ok_cb
                0x00000000000027d4       0x24 Output/Release/Obj/uart_pca10056/instance.o
                0x00000000000027d4                rx_ok_cb
 .text.instance_init
                0x00000000000027f8       0x8c Output/Release/Obj/uart_pca10056/instance.o
                0x00000000000027f8                instance_init
 .text.check_uart
                0x0000000000002884       0x44 Output/Release/Obj/uart_pca10056/instance.o
                0x0000000000002884                check_uart
 .text.instance_loop
                0x00000000000028c8       0x60 Output/Release/Obj/uart_pca10056/instance.o
                0x00000000000028c8                instance_loop
 .text.identity_set_role
                0x0000000000002928       0x30 Output/Release/Obj/uart_pca10056/instance_config.o
                0x0000000000002928                identity_set_role
 .text.config_tx
                0x0000000000002958       0x54 Output/Release/Obj/uart_pca10056/instance_config.o
                0x0000000000002958                config_tx
 .text.configure_node
                0x00000000000029ac       0x38 Output/Release/Obj/uart_pca10056/instance_config.o
                0x00000000000029ac                configure_node
 .text.instance_config_identity_init
                0x00000000000029e4       0x6c Output/Release/Obj/uart_pca10056/instance_config.o
                0x00000000000029e4                instance_config_identity_init
 .text.startup.main
                0x0000000000002a50       0x16 Output/Release/Obj/uart_pca10056/main.o
                0x0000000000002a50                main
 .text.uart_error_handle
                0x0000000000002a66       0x12 Output/Release/Obj/uart_pca10056/dw_uart.o
                0x0000000000002a66                uart_error_handle
 .text.init_dwt_uart
                0x0000000000002a78       0x4c Output/Release/Obj/uart_pca10056/dw_uart.o
                0x0000000000002a78                init_dwt_uart
 .text.decamutexon
                0x0000000000002ac4       0x16 Output/Release/Obj/uart_pca10056/deca_mutex.o
                0x0000000000002ac4                decamutexon
 .text.decamutexoff
                0x0000000000002ada        0xc Output/Release/Obj/uart_pca10056/deca_mutex.o
                0x0000000000002ada                decamutexoff
 *fill*         0x0000000000002ae6        0x2 
 .text.deca_usleep
                0x0000000000002ae8       0x14 Output/Release/Obj/uart_pca10056/deca_sleep.o
                0x0000000000002ae8                deca_usleep
 .text.spi_event_handler
                0x0000000000002afc        0xc Output/Release/Obj/uart_pca10056/deca_spi.o
                0x0000000000002afc                spi_event_handler
 .text.port_set_dw_ic_spi_slowrate
                0x0000000000002b08       0x58 Output/Release/Obj/uart_pca10056/deca_spi.o
                0x0000000000002b08                port_set_dw_ic_spi_slowrate
 .text.nrf52840_dk_spi_init
                0x0000000000002b60       0x48 Output/Release/Obj/uart_pca10056/deca_spi.o
                0x0000000000002b60                nrf52840_dk_spi_init
 .text.port_set_dw_ic_spi_fastrate
                0x0000000000002ba8       0x5c Output/Release/Obj/uart_pca10056/deca_spi.o
                0x0000000000002ba8                port_set_dw_ic_spi_fastrate
 .text.writetospiwithcrc
                0x0000000000002c04       0x94 Output/Release/Obj/uart_pca10056/deca_spi.o
                0x0000000000002c04                writetospiwithcrc
 .text.writetospi
                0x0000000000002c98       0x8c Output/Release/Obj/uart_pca10056/deca_spi.o
                0x0000000000002c98                writetospi
 .text.readfromspi
                0x0000000000002d24       0xa4 Output/Release/Obj/uart_pca10056/deca_spi.o
                0x0000000000002d24                readfromspi
 .text.nrf_delay_ms.part.0
                0x0000000000002dc8       0x1c Output/Release/Obj/uart_pca10056/port.o
 .text.nrf_gpio_pin_clear
                0x0000000000002de4       0x18 Output/Release/Obj/uart_pca10056/port.o
 .text.Sleep    0x0000000000002dfc        0x8 Output/Release/Obj/uart_pca10056/port.o
                0x0000000000002dfc                Sleep
 .text.dw_irq_init
                0x0000000000002e04       0x54 Output/Release/Obj/uart_pca10056/port.o
                0x0000000000002e04                dw_irq_init
 .text.reset_DWIC
                0x0000000000002e58       0x2c Output/Release/Obj/uart_pca10056/port.o
                0x0000000000002e58                reset_DWIC
 .text.port_DisableEXT_IRQ
                0x0000000000002e84        0x6 Output/Release/Obj/uart_pca10056/port.o
                0x0000000000002e84                port_DisableEXT_IRQ
 .text.port_EnableEXT_IRQ
                0x0000000000002e8a        0x8 Output/Release/Obj/uart_pca10056/port.o
                0x0000000000002e8a                port_EnableEXT_IRQ
 .text.port_GetEXT_IRQStatus
                0x0000000000002e92        0xa Output/Release/Obj/uart_pca10056/port.o
                0x0000000000002e92                port_GetEXT_IRQStatus
 .text.port_CheckEXT_IRQ
                0x0000000000002e9c       0x10 Output/Release/Obj/uart_pca10056/port.o
                0x0000000000002e9c                port_CheckEXT_IRQ
 .text.process_deca_irq
                0x0000000000002eac       0x1c Output/Release/Obj/uart_pca10056/port.o
                0x0000000000002eac                process_deca_irq
 .text.deca_irq_handler
                0x0000000000002ec8        0x4 Output/Release/Obj/uart_pca10056/port.o
                0x0000000000002ec8                deca_irq_handler
 .text.port_set_dwic_isr
                0x0000000000002ecc       0x24 Output/Release/Obj/uart_pca10056/port.o
                0x0000000000002ecc                port_set_dwic_isr
 .text.dwt_generatecrc8
                0x0000000000002ef0       0x1c Output/Release/Obj/uart_pca10056/deca_device.o
                0x0000000000002ef0                dwt_generatecrc8
 .text.dwt_xfer3000
                0x0000000000002f0c       0xec Output/Release/Obj/uart_pca10056/deca_device.o
 .text.dwt_writetodevice
                0x0000000000002ff8       0x10 Output/Release/Obj/uart_pca10056/deca_device.o
                0x0000000000002ff8                dwt_writetodevice
 .text.dwt_write32bitoffsetreg
                0x0000000000003008       0x28 Output/Release/Obj/uart_pca10056/deca_device.o
                0x0000000000003008                dwt_write32bitoffsetreg
 .text.dwt_disable_rf_tx.constprop.0
                0x0000000000003030       0x20 Output/Release/Obj/uart_pca10056/deca_device.o
 .text.dwt_write16bitoffsetreg
                0x0000000000003050       0x1c Output/Release/Obj/uart_pca10056/deca_device.o
                0x0000000000003050                dwt_write16bitoffsetreg
 .text.dwt_force_clocks.part.0
                0x000000000000306c       0x10 Output/Release/Obj/uart_pca10056/deca_device.o
 .text.dwt_force_clocks.constprop.0
                0x000000000000307c       0x10 Output/Release/Obj/uart_pca10056/deca_device.o
 .text.dwt_write8bitoffsetreg
                0x000000000000308c       0x18 Output/Release/Obj/uart_pca10056/deca_device.o
                0x000000000000308c                dwt_write8bitoffsetreg
 .text.dwt_readfromdevice
                0x00000000000030a4        0xe Output/Release/Obj/uart_pca10056/deca_device.o
                0x00000000000030a4                dwt_readfromdevice
 .text.dwt_read32bitoffsetreg
                0x00000000000030b2       0x20 Output/Release/Obj/uart_pca10056/deca_device.o
                0x00000000000030b2                dwt_read32bitoffsetreg
 *fill*         0x00000000000030d2        0x2 
 .text._dwt_otpread
                0x00000000000030d4       0x3c Output/Release/Obj/uart_pca10056/deca_device.o
 .text.dwt_read16bitoffsetreg
                0x0000000000003110       0x20 Output/Release/Obj/uart_pca10056/deca_device.o
                0x0000000000003110                dwt_read16bitoffsetreg
 .text.dwt_read8bitoffsetreg
                0x0000000000003130       0x18 Output/Release/Obj/uart_pca10056/deca_device.o
                0x0000000000003130                dwt_read8bitoffsetreg
 .text.dwt_modify32bitoffsetreg
                0x0000000000003148       0x42 Output/Release/Obj/uart_pca10056/deca_device.o
                0x0000000000003148                dwt_modify32bitoffsetreg
 *fill*         0x000000000000318a        0x2 
 .text._dwt_kick_dgc_on_wakeup
                0x000000000000318c       0x24 Output/Release/Obj/uart_pca10056/deca_device.o
 .text.dwt_enable_rf_tx
                0x00000000000031b0       0x64 Output/Release/Obj/uart_pca10056/deca_device.o
 .text.dwt_enable_rftx_blocks
                0x0000000000003214       0x28 Output/Release/Obj/uart_pca10056/deca_device.o
 .text.dwt_modify16bitoffsetreg
                0x000000000000323c       0x2c Output/Release/Obj/uart_pca10056/deca_device.o
                0x000000000000323c                dwt_modify16bitoffsetreg
 .text._dwt_prog_ldo_and_bias_tune
                0x0000000000003268       0x34 Output/Release/Obj/uart_pca10056/deca_device.o
 .text.dwt_modify8bitoffsetreg
                0x000000000000329c       0x20 Output/Release/Obj/uart_pca10056/deca_device.o
                0x000000000000329c                dwt_modify8bitoffsetreg
 .text.dwt_setdwstate
                0x00000000000032bc       0x7c Output/Release/Obj/uart_pca10056/deca_device.o
                0x00000000000032bc                dwt_setdwstate
 .text.dwt_enablegpioclocks
                0x0000000000003338       0x14 Output/Release/Obj/uart_pca10056/deca_device.o
                0x0000000000003338                dwt_enablegpioclocks
 .text.dwt_readdevid
                0x000000000000334c        0x8 Output/Release/Obj/uart_pca10056/deca_device.o
                0x000000000000334c                dwt_readdevid
 .text.dwt_configmrxlut
                0x0000000000003354       0xec Output/Release/Obj/uart_pca10056/deca_device.o
                0x0000000000003354                dwt_configmrxlut
 .text.dwt_run_pgfcal
                0x0000000000003440       0xa0 Output/Release/Obj/uart_pca10056/deca_device.o
                0x0000000000003440                dwt_run_pgfcal
 .text.dwt_pgf_cal
                0x00000000000034e0       0x44 Output/Release/Obj/uart_pca10056/deca_device.o
                0x00000000000034e0                dwt_pgf_cal
 .text.dwt_writetxdata
                0x0000000000003524       0x58 Output/Release/Obj/uart_pca10056/deca_device.o
                0x0000000000003524                dwt_writetxdata
 .text.dwt_writetxfctrl
                0x000000000000357c       0x40 Output/Release/Obj/uart_pca10056/deca_device.o
                0x000000000000357c                dwt_writetxfctrl
 .text.dwt_setplenfine
                0x00000000000035bc        0xa Output/Release/Obj/uart_pca10056/deca_device.o
                0x00000000000035bc                dwt_setplenfine
 *fill*         0x00000000000035c6        0x2 
 .text.dwt_configure
                0x00000000000035c8      0x354 Output/Release/Obj/uart_pca10056/deca_device.o
                0x00000000000035c8                dwt_configure
 .text.dwt_readrxdata
                0x000000000000391c       0x68 Output/Release/Obj/uart_pca10056/deca_device.o
                0x000000000000391c                dwt_readrxdata
 .text.dwt_readtxtimestamphi32
                0x0000000000003984        0x8 Output/Release/Obj/uart_pca10056/deca_device.o
                0x0000000000003984                dwt_readtxtimestamphi32
 .text.dwt_readrxtimestamphi32
                0x000000000000398c        0x8 Output/Release/Obj/uart_pca10056/deca_device.o
                0x000000000000398c                dwt_readrxtimestamphi32
 .text.dwt_check_dev_id
                0x0000000000003994       0x20 Output/Release/Obj/uart_pca10056/deca_device.o
                0x0000000000003994                dwt_check_dev_id
 .text.dwt_initialise
                0x00000000000039b4       0xf8 Output/Release/Obj/uart_pca10056/deca_device.o
                0x00000000000039b4                dwt_initialise
 .text.dwt_setcallbacks
                0x0000000000003aac       0x1c Output/Release/Obj/uart_pca10056/deca_device.o
                0x0000000000003aac                dwt_setcallbacks
 .text.ali_setcallbacks
                0x0000000000003ac8        0xc Output/Release/Obj/uart_pca10056/deca_device.o
                0x0000000000003ac8                ali_setcallbacks
 .text.dwt_checkidlerc
                0x0000000000003ad4       0x10 Output/Release/Obj/uart_pca10056/deca_device.o
                0x0000000000003ad4                dwt_checkidlerc
 .text.ali_isr  0x0000000000003ae4      0x100 Output/Release/Obj/uart_pca10056/deca_device.o
                0x0000000000003ae4                ali_isr
 .text.dwt_setdelayedtrxtime
                0x0000000000003be4        0xa Output/Release/Obj/uart_pca10056/deca_device.o
                0x0000000000003be4                dwt_setdelayedtrxtime
 *fill*         0x0000000000003bee        0x2 
 .text.dwt_starttx
                0x0000000000003bf0       0xe8 Output/Release/Obj/uart_pca10056/deca_device.o
                0x0000000000003bf0                dwt_starttx
 .text.dwt_rxenable
                0x0000000000003cd8       0x8a Output/Release/Obj/uart_pca10056/deca_device.o
                0x0000000000003cd8                dwt_rxenable
 .text.dwt_setinterrupt
                0x0000000000003d62       0x66 Output/Release/Obj/uart_pca10056/deca_device.o
                0x0000000000003d62                dwt_setinterrupt
 .text.dwt_calcbandwidthadj
                0x0000000000003dc8       0x74 Output/Release/Obj/uart_pca10056/deca_device.o
                0x0000000000003dc8                dwt_calcbandwidthadj
 .text.dwt_configuretxrf
                0x0000000000003e3c       0x48 Output/Release/Obj/uart_pca10056/deca_device.o
                0x0000000000003e3c                dwt_configuretxrf
 .text.libc.memcpy
                0x0000000000003e84       0x52 C:/Users/alire/ncs/v1.8.0/toolchain/segger_embedded_studio/lib/libc_v7em_fpv4_sp_d16_hard_t_le_eabi.a(libc2_asm.o)
                0x0000000000003e84                __aeabi_memcpy
                0x0000000000003e84                memcpy
                0x0000000000003e90                __aeabi_memcpy8
                0x0000000000003e90                __aeabi_memcpy4
 .text.libc.memset
                0x0000000000003ed6       0x66 C:/Users/alire/ncs/v1.8.0/toolchain/segger_embedded_studio/lib/libc_v7em_fpv4_sp_d16_hard_t_le_eabi.a(libc2_asm.o)
                0x0000000000003ed6                memset
                0x0000000000003f3c                . = ALIGN (MAX ((__text_start__ + 0x4), .), 0x4)
                0x0000000000003f3c                __text_end__ = (__text_start__ + SIZEOF (.text))
                0x0000000000003b6c                __text_size__ = SIZEOF (.text)
                0x0000000000003f3c                __text_load_end__ = __text_end__

.vfp11_veneer   0x0000000100000000        0x0
 .vfp11_veneer  0x0000000100000000        0x0 linker stubs

.v4_bx          0x0000000100000000        0x0
 .v4_bx         0x0000000100000000        0x0 linker stubs

.iplt           0x0000000100000000        0x0
 .iplt          0x0000000100000000        0x0 Output/Release/Obj/uart_pca10056/thumb_crt0.o
                0x0000000000000001                . = ASSERT (((__text_start__ == __text_end__) || ((__text_end__ - __FLASH1_segment_start__) <= __FLASH1_segment_size__)), error: .text is too large to fit in FLASH1 memory segment)
                0x0000000000003f3c                __log_const_data_load_start__ = ALIGN (__text_end__, 0x4)

.log_const_data
                0x0000000000003f3c       0x38
                0x0000000000003f3c                __log_const_data_start__ = .
                0x0000000000003f3c                __start_log_const_data = __log_const_data_start__
 *(SORT_BY_NAME(.log_const_data*))
 .log_const_data_GPIOTE
                0x0000000000003f3c        0x8 Output/Release/Obj/uart_pca10056/nrfx_gpiote.o
                0x0000000000003f3c                m_nrf_log_GPIOTE_logs_data_const
 .log_const_data_PRS
                0x0000000000003f44        0x8 Output/Release/Obj/uart_pca10056/nrfx_prs.o
                0x0000000000003f44                m_nrf_log_PRS_logs_data_const
 .log_const_data_SPIM
                0x0000000000003f4c        0x8 Output/Release/Obj/uart_pca10056/nrfx_spim.o
                0x0000000000003f4c                m_nrf_log_SPIM_logs_data_const
 .log_const_data_UART
                0x0000000000003f54        0x8 Output/Release/Obj/uart_pca10056/nrfx_uart.o
                0x0000000000003f54                m_nrf_log_UART_logs_data_const
 .log_const_data_UARTE
                0x0000000000003f5c        0x8 Output/Release/Obj/uart_pca10056/nrfx_uarte.o
                0x0000000000003f5c                m_nrf_log_UARTE_logs_data_const
 .log_const_data_app
                0x0000000000003f64        0x8 Output/Release/Obj/uart_pca10056/nrf_log_frontend.o
                0x0000000000003f64                m_nrf_log_app_logs_data_const
 .log_const_data_clock
                0x0000000000003f6c        0x8 Output/Release/Obj/uart_pca10056/nrf_drv_clock.o
                0x0000000000003f6c                m_nrf_log_clock_logs_data_const
                0x0000000000003f74                __log_const_data_end__ = (__log_const_data_start__ + SIZEOF (.log_const_data))
                0x0000000000000038                __log_const_data_size__ = SIZEOF (.log_const_data)
                0x0000000000003f74                __stop_log_const_data = __log_const_data_end__
                0x0000000000003f74                __log_const_data_load_end__ = __log_const_data_end__
                0x0000000000000001                . = ASSERT (((__log_const_data_start__ == __log_const_data_end__) || ((__log_const_data_end__ - __FLASH1_segment_start__) <= __FLASH1_segment_size__)), error: .log_const_data is too large to fit in FLASH1 memory segment)
                0x0000000000003f74                __log_backends_load_start__ = ALIGN (__log_const_data_end__, 0x4)

.log_backends   0x0000000000003f74        0x0
                0x0000000000003f74                __log_backends_start__ = .
                0x0000000000003f74                __start_log_backends = __log_backends_start__
 *(SORT_BY_NAME(.log_backends*))
                0x0000000000003f74                __log_backends_end__ = (__log_backends_start__ + SIZEOF (.log_backends))
                0x0000000000000000                __log_backends_size__ = SIZEOF (.log_backends)
                0x0000000000003f74                __stop_log_backends = __log_backends_end__
                0x0000000000003f74                __log_backends_load_end__ = __log_backends_end__
                0x0000000000000001                . = ASSERT (((__log_backends_start__ == __log_backends_end__) || ((__log_backends_end__ - __FLASH1_segment_start__) <= __FLASH1_segment_size__)), error: .log_backends is too large to fit in FLASH1 memory segment)
                0x0000000000003f74                __nrf_balloc_load_start__ = ALIGN (__log_backends_end__, 0x4)

.nrf_balloc     0x0000000000003f74       0x14
                0x0000000000003f74                __nrf_balloc_start__ = .
                0x0000000000003f74                __start_nrf_balloc = __nrf_balloc_start__
 *(.nrf_balloc*)
 .nrf_balloc    0x0000000000003f74       0x14 Output/Release/Obj/uart_pca10056/nrf_log_frontend.o
                0x0000000000003f74                log_mempool
                0x0000000000003f88                __nrf_balloc_end__ = (__nrf_balloc_start__ + SIZEOF (.nrf_balloc))
                0x0000000000000014                __nrf_balloc_size__ = SIZEOF (.nrf_balloc)
                0x0000000000003f88                __stop_nrf_balloc = __nrf_balloc_end__
                0x0000000000003f88                __nrf_balloc_load_end__ = __nrf_balloc_end__
                0x0000000000000001                . = ASSERT (((__nrf_balloc_start__ == __nrf_balloc_end__) || ((__nrf_balloc_end__ - __FLASH1_segment_start__) <= __FLASH1_segment_size__)), error: .nrf_balloc is too large to fit in FLASH1 memory segment)
                0x0000000000003f88                __nrf_sections_load_start__ = ALIGN (__nrf_balloc_end__, 0x4)

.nrf_sections   0x0000000000003f88        0x0
                0x0000000000003f88                __nrf_sections_start__ = .
                0x0000000000003f88                __start_nrf_sections = __nrf_sections_start__
 *(.nrf_sections .nrf_sections.*)
                0x0000000000003f88                __nrf_sections_end__ = (__nrf_sections_start__ + SIZEOF (.nrf_sections))
                0x0000000000000000                __nrf_sections_size__ = SIZEOF (.nrf_sections)
                0x0000000000003f88                __nrf_sections_load_end__ = __nrf_sections_end__
                0x0000000000000001                . = ASSERT (((__nrf_sections_start__ == __nrf_sections_end__) || ((__nrf_sections_end__ - __FLASH1_segment_start__) <= __FLASH1_segment_size__)), error: .nrf_sections is too large to fit in FLASH1 memory segment)
                0x0000000000003f88                __log_dynamic_data_load_start__ = ALIGN (__nrf_sections_end__, 0x4)

.log_dynamic_data
                0x0000000020000000        0x0 load address 0x0000000000003f88
                0x0000000020000000                __log_dynamic_data_start__ = .
 *(SORT_BY_NAME(.log_dynamic_data*))
                0x0000000020000000                __log_dynamic_data_end__ = (__log_dynamic_data_start__ + SIZEOF (.log_dynamic_data))
                0x0000000000000000                __log_dynamic_data_size__ = SIZEOF (.log_dynamic_data)
                0x0000000000003f88                __log_dynamic_data_load_end__ = (__log_dynamic_data_load_start__ + SIZEOF (.log_dynamic_data))
                0x0000000000000001                . = ASSERT (((__log_dynamic_data_load_start__ == __log_dynamic_data_load_end__) || ((__log_dynamic_data_load_end__ - __FLASH1_segment_start__) <= __FLASH1_segment_size__)), error: .log_dynamic_data is too large to fit in FLASH1 memory segment)

.log_dynamic_data_run
                0x0000000020000000        0x0
                0x0000000020000000                __log_dynamic_data_run_start__ = .
                0x0000000020000000                __start_log_dynamic_data = __log_dynamic_data_run_start__
                0x0000000020000000                __log_dynamic_data_run_end__ = (__log_dynamic_data_run_start__ + SIZEOF (.log_dynamic_data))
                0x0000000000000000                __log_dynamic_data_run_size__ = (__log_dynamic_data_run_end__ - __log_dynamic_data_run_start__)
                0x0000000020000000                __stop_log_dynamic_data = __log_dynamic_data_run_end__
                0x0000000020000000                __log_dynamic_data_run_load_end__ = __log_dynamic_data_run_end__
                0x0000000000000001                . = ASSERT (((__log_dynamic_data_run_start__ == __log_dynamic_data_run_end__) || ((__log_dynamic_data_run_end__ - __RAM1_segment_start__) <= __RAM1_segment_size__)), error: .log_dynamic_data_run is too large to fit in RAM1 memory segment)
                0x0000000000003f88                __log_filter_data_load_start__ = ALIGN ((__log_dynamic_data_load_start__ + SIZEOF (.log_dynamic_data)), 0x4)

.log_filter_data
                0x0000000020000000        0x0 load address 0x0000000000003f88
                0x0000000020000000                __log_filter_data_start__ = .
 *(SORT_BY_NAME(.log_filter_data*))
                0x0000000020000000                __log_filter_data_end__ = (__log_filter_data_start__ + SIZEOF (.log_filter_data))
                0x0000000000000000                __log_filter_data_size__ = SIZEOF (.log_filter_data)
                0x0000000000003f88                __log_filter_data_load_end__ = (__log_filter_data_load_start__ + SIZEOF (.log_filter_data))
                0x0000000000000001                . = ASSERT (((__log_filter_data_load_start__ == __log_filter_data_load_end__) || ((__log_filter_data_load_end__ - __FLASH1_segment_start__) <= __FLASH1_segment_size__)), error: .log_filter_data is too large to fit in FLASH1 memory segment)

.log_filter_data_run
                0x0000000020000000        0x0
                0x0000000020000000                __log_filter_data_run_start__ = .
                0x0000000020000000                __start_log_filter_data = __log_filter_data_run_start__
                0x0000000020000000                __log_filter_data_run_end__ = (__log_filter_data_run_start__ + SIZEOF (.log_filter_data))
                0x0000000000000000                __log_filter_data_run_size__ = (__log_filter_data_run_end__ - __log_filter_data_run_start__)
                0x0000000020000000                __stop_log_filter_data = __log_filter_data_run_end__
                0x0000000020000000                __log_filter_data_run_load_end__ = __log_filter_data_run_end__
                0x0000000000000001                . = ASSERT (((__log_filter_data_run_start__ == __log_filter_data_run_end__) || ((__log_filter_data_run_end__ - __RAM1_segment_start__) <= __RAM1_segment_size__)), error: .log_filter_data_run is too large to fit in RAM1 memory segment)
                0x0000000020000000                __nrf_sections_run_end_load_start__ = ALIGN (__log_filter_data_run_end__, 0x4)

.nrf_sections_run_end
                0x0000000020000000        0x0
                0x0000000020000000                __nrf_sections_run_end_start__ = .
                0x0000000020000000                __end_nrf_sections_run = __nrf_sections_run_end_start__
 *(.nrf_sections_run_end .nrf_sections_run_end.*)
                0x0000000020000000                __nrf_sections_run_end_end__ = (__nrf_sections_run_end_start__ + SIZEOF (.nrf_sections_run_end))
                0x0000000000000000                __nrf_sections_run_end_size__ = SIZEOF (.nrf_sections_run_end)
                0x0000000020000000                __nrf_sections_run_end_load_end__ = __nrf_sections_run_end_end__
                0x0000000000000001                . = ASSERT (((__nrf_sections_run_end_start__ == __nrf_sections_run_end_end__) || ((__nrf_sections_run_end_end__ - __RAM1_segment_start__) <= __RAM1_segment_size__)), error: .nrf_sections_run_end is too large to fit in RAM1 memory segment)
                0x0000000000003f88                __dtors_load_start__ = ALIGN ((__log_filter_data_load_start__ + SIZEOF (.log_filter_data)), 0x4)

.dtors          0x0000000000003f88        0x0
                0x0000000000003f88                __dtors_start__ = .
 *(SORT_BY_NAME(.dtors.*))
 *(.dtors)
 *(.fini_array)
 *(SORT_BY_NAME(.fini_array.*))
                0x0000000000003f88                __dtors_end__ = (__dtors_start__ + SIZEOF (.dtors))
                0x0000000000000000                __dtors_size__ = SIZEOF (.dtors)
                0x0000000000003f88                __dtors_load_end__ = __dtors_end__
                0x0000000000000001                . = ASSERT (((__dtors_start__ == __dtors_end__) || ((__dtors_end__ - __FLASH1_segment_start__) <= __FLASH1_segment_size__)), error: .dtors is too large to fit in FLASH1 memory segment)
                0x0000000000003f88                __ctors_load_start__ = ALIGN (__dtors_end__, 0x4)

.ctors          0x0000000000003f88        0x0
                0x0000000000003f88                __ctors_start__ = .
 *(SORT_BY_NAME(.ctors.*))
 *(.ctors)
 *(.init_array)
 *(SORT_BY_NAME(.init_array.*))
                0x0000000000003f88                __ctors_end__ = (__ctors_start__ + SIZEOF (.ctors))
                0x0000000000000000                __ctors_size__ = SIZEOF (.ctors)
                0x0000000000003f88                __ctors_load_end__ = __ctors_end__
                0x0000000000000001                . = ASSERT (((__ctors_start__ == __ctors_end__) || ((__ctors_end__ - __FLASH1_segment_start__) <= __FLASH1_segment_size__)), error: .ctors is too large to fit in FLASH1 memory segment)
                0x0000000000003f88                __rodata_load_start__ = ALIGN (__ctors_end__, 0x4)

.rodata         0x0000000000003f88      0x10c
                0x0000000000003f88                __rodata_start__ = .
 *(.rodata .rodata.* .gnu.linkonce.r.*)
 .rodata.nrf_log_frontend_dequeue.str1.1
                0x0000000000003f88       0x11 Output/Release/Obj/uart_pca10056/nrf_log_frontend.o
 .rodata.str1.1
                0x0000000000003f99        0x4 Output/Release/Obj/uart_pca10056/nrf_log_frontend.o
 .rodata.m_board_led_list
                0x0000000000003f9d        0x4 Output/Release/Obj/uart_pca10056/boards.o
 .rodata.app_error_fault_handler.str1.1
                0x0000000000003fa1       0x19 Output/Release/Obj/uart_pca10056/app_error_weak.o
 *fill*         0x0000000000003fba        0x2 
 .rodata        0x0000000000003fbc       0x20 Output/Release/Obj/uart_pca10056/app_uart_fifo.o
 .rodata.str1.1
                0x0000000000003fdc        0x4 Output/Release/Obj/uart_pca10056/nrfx_prs.o
 .rodata.str1.1
                0x0000000000003fe0        0x5 Output/Release/Obj/uart_pca10056/nrfx_uart.o
 .rodata.str1.1
                0x0000000000003fe5        0x6 Output/Release/Obj/uart_pca10056/nrfx_uarte.o
 .rodata.str1.1
                0x0000000000003feb        0x7 Output/Release/Obj/uart_pca10056/nrfx_gpiote.o
 *fill*         0x0000000000003ff2        0x2 
 .rodata        0x0000000000003ff4       0x10 Output/Release/Obj/uart_pca10056/nrf_drv_spi.o
 .rodata.str1.1
                0x0000000000004004        0x6 Output/Release/Obj/uart_pca10056/nrf_drv_clock.o
 .rodata.str1.1
                0x000000000000400a        0x5 Output/Release/Obj/uart_pca10056/nrfx_spim.o
 *fill*         0x000000000000400f        0x1 
 .rodata.irq_handlers.0
                0x0000000000004010        0xc Output/Release/Obj/uart_pca10056/nrfx_spim.o
 .rodata.CSWTCH.15
                0x000000000000401c        0x6 Output/Release/Obj/uart_pca10056/system_nrf52840.o
 .rodata.CSWTCH.6
                0x0000000000004022        0x6 Output/Release/Obj/uart_pca10056/system_nrf52840.o
 .rodata        0x0000000000004028        0x5 Output/Release/Obj/uart_pca10056/instance.o
 *fill*         0x000000000000402d        0x3 
 .rodata.delay_machine_code.0
                0x0000000000004030        0x6 Output/Release/Obj/uart_pca10056/instance.o
 *fill*         0x0000000000004036        0x2 
 .rodata        0x0000000000004038       0x18 Output/Release/Obj/uart_pca10056/dw_uart.o
 .rodata.delay_machine_code.0
                0x0000000000004050        0x6 Output/Release/Obj/uart_pca10056/deca_sleep.o
 *fill*         0x0000000000004056        0xa 
 .rodata.delay_machine_code.0
                0x0000000000004060        0x6 Output/Release/Obj/uart_pca10056/deca_spi.o
 .rodata        0x0000000000004066        0x3 Output/Release/Obj/uart_pca10056/port.o
 *fill*         0x0000000000004069        0x7 
 .rodata.delay_machine_code.0
                0x0000000000004070        0x6 Output/Release/Obj/uart_pca10056/port.o
 .rodata.CSWTCH.251
                0x0000000000004076        0xe Output/Release/Obj/uart_pca10056/deca_device.o
 .rodata.sts_length_factors
                0x0000000000004084        0xe Output/Release/Obj/uart_pca10056/deca_device.o
                0x0000000000004084                sts_length_factors
                0x0000000000004094                . = ALIGN (MAX ((__rodata_start__ + 0x4), .), 0x4)
 *fill*         0x0000000000004092        0x2 
                0x0000000000004094                __rodata_end__ = (__rodata_start__ + SIZEOF (.rodata))
                0x000000000000010c                __rodata_size__ = SIZEOF (.rodata)
                0x0000000000004094                __rodata_load_end__ = __rodata_end__

.rel.dyn        0x0000000000004094        0x0
 .rel.iplt      0x0000000000004094        0x0 Output/Release/Obj/uart_pca10056/thumb_crt0.o
                0x0000000000000001                . = ASSERT (((__rodata_start__ == __rodata_end__) || ((__rodata_end__ - __FLASH1_segment_start__) <= __FLASH1_segment_size__)), error: .rodata is too large to fit in FLASH1 memory segment)
                0x0000000000004094                __ARM.exidx_load_start__ = ALIGN (__rodata_end__, 0x4)

.ARM.exidx      0x0000000000004094        0x0
                0x0000000000004094                __ARM.exidx_start__ = .
                0x0000000000004094                __exidx_start = __ARM.exidx_start__
 *(.ARM.exidx .ARM.exidx.*)
                0x0000000000004094                __ARM.exidx_end__ = (__ARM.exidx_start__ + SIZEOF (.ARM.exidx))
                0x0000000000000000                __ARM.exidx_size__ = SIZEOF (.ARM.exidx)
                0x0000000000004094                __exidx_end = __ARM.exidx_end__
                0x0000000000004094                __ARM.exidx_load_end__ = __ARM.exidx_end__
                0x0000000000000001                . = ASSERT (((__ARM.exidx_start__ == __ARM.exidx_end__) || ((__ARM.exidx_end__ - __FLASH1_segment_start__) <= __FLASH1_segment_size__)), error: .ARM.exidx is too large to fit in FLASH1 memory segment)
                0x0000000000004094                __fast_load_start__ = ALIGN (__ARM.exidx_end__, 0x4)

.fast           0x0000000020000000        0x0 load address 0x0000000000004094
                0x0000000020000000                __fast_start__ = .
 *(.fast .fast.*)
                0x0000000020000000                __fast_end__ = (__fast_start__ + SIZEOF (.fast))
                0x0000000000000000                __fast_size__ = SIZEOF (.fast)
                0x0000000000004094                __fast_load_end__ = (__fast_load_start__ + SIZEOF (.fast))
                0x0000000000000001                . = ASSERT (((__fast_load_start__ == __fast_load_end__) || ((__fast_load_end__ - __FLASH1_segment_start__) <= __FLASH1_segment_size__)), error: .fast is too large to fit in FLASH1 memory segment)

.fast_run       0x0000000020000000        0x0
                0x0000000020000000                __fast_run_start__ = .
                0x0000000020000000                __fast_run_end__ = (__fast_run_start__ + SIZEOF (.fast))
                0x0000000000000000                __fast_run_size__ = (__fast_run_end__ - __fast_run_start__)
                0x0000000020000000                __fast_run_load_end__ = __fast_run_end__
                0x0000000000000001                . = ASSERT (((__fast_run_start__ == __fast_run_end__) || ((__fast_run_end__ - __RAM1_segment_start__) <= __RAM1_segment_size__)), error: .fast_run is too large to fit in RAM1 memory segment)
                0x0000000000004094                __data_load_start__ = ALIGN ((__fast_load_start__ + SIZEOF (.fast)), 0x4)

.data           0x0000000020000000       0x4c load address 0x0000000000004094
                0x0000000020000000                __data_start__ = .
 *(.data .data.* .gnu.linkonce.d.*)
 .data.app_uart_inst
                0x0000000020000000       0x14 Output/Release/Obj/uart_pca10056/app_uart_fifo.o
 .data.SystemCoreClock
                0x0000000020000014        0x4 Output/Release/Obj/uart_pca10056/system_nrf52840.o
                0x0000000020000014                SystemCoreClock
 .data.conf_switch_SN
                0x0000000020000018        0x4 Output/Release/Obj/uart_pca10056/instance.o
                0x0000000020000018                conf_switch_SN
 .data.TS_config
                0x000000002000001c       0x10 Output/Release/Obj/uart_pca10056/instance_config.o
                0x000000002000001c                TS_config
 .data.radio_config
                0x000000002000002c       0x10 Output/Release/Obj/uart_pca10056/instance_config.o
                0x000000002000002c                radio_config
 .data.txconfig
                0x000000002000003c        0xc Output/Release/Obj/uart_pca10056/instance_config.o
                0x000000002000003c                txconfig
 .data.pdw3000local
                0x0000000020000048        0x4 Output/Release/Obj/uart_pca10056/deca_device.o
                0x000000002000004c                __data_end__ = (__data_start__ + SIZEOF (.data))
                0x000000000000004c                __data_size__ = SIZEOF (.data)
                0x00000000000040e0                __data_load_end__ = (__data_load_start__ + SIZEOF (.data))

.igot.plt       0x0000000100000000        0x0
 .igot.plt      0x0000000100000000        0x0 Output/Release/Obj/uart_pca10056/thumb_crt0.o
                0x0000000000000001                . = ASSERT (((__data_load_start__ == __data_load_end__) || ((__data_load_end__ - __FLASH1_segment_start__) <= __FLASH1_segment_size__)), error: .data is too large to fit in FLASH1 memory segment)

.data_run       0x0000000020000000        0x0
                0x0000000020000000                __data_run_start__ = .
                0x000000002000004c                __data_run_end__ = (__data_run_start__ + SIZEOF (.data))
                0x000000000000004c                __data_run_size__ = (__data_run_end__ - __data_run_start__)
                0x000000002000004c                __data_run_load_end__ = __data_run_end__
                0x0000000000000001                . = ASSERT (((__data_run_start__ == __data_run_end__) || ((__data_run_end__ - __RAM1_segment_start__) <= __RAM1_segment_size__)), error: .data_run is too large to fit in RAM1 memory segment)
                0x00000000000040e0                __tdata_load_start__ = ALIGN ((__data_load_start__ + SIZEOF (.data)), 0x4)

.tdata          0x000000002000004c        0x0 load address 0x00000000000040e0
                0x000000002000004c                __tdata_start__ = .
 *(.tdata .tdata.*)
                0x000000002000004c                __tdata_end__ = (__tdata_start__ + SIZEOF (.tdata))
                0x0000000000000000                __tdata_size__ = SIZEOF (.tdata)
                0x00000000000040e0                __tdata_load_end__ = (__tdata_load_start__ + SIZEOF (.tdata))
                0x00000000000040e0                __FLASH1_segment_used_end__ = (ALIGN ((__data_load_start__ + SIZEOF (.data)), 0x4) + SIZEOF (.tdata))
                0x00000000000040e0                __FLASH1_segment_used_size__ = (__FLASH1_segment_used_end__ - __FLASH1_segment_start__)
                0x0000000000000001                . = ASSERT (((__tdata_load_start__ == __tdata_load_end__) || ((__tdata_load_end__ - __FLASH1_segment_start__) <= __FLASH1_segment_size__)), error: .tdata is too large to fit in FLASH1 memory segment)

.tdata_run      0x000000002000004c        0x0
                0x000000002000004c                __tdata_run_start__ = .
                0x000000002000004c                __tdata_run_end__ = (__tdata_run_start__ + SIZEOF (.tdata))
                0x0000000000000000                __tdata_run_size__ = (__tdata_run_end__ - __tdata_run_start__)
                0x000000002000004c                __tdata_run_load_end__ = __tdata_run_end__
                0x0000000000000001                . = ASSERT (((__tdata_run_start__ == __tdata_run_end__) || ((__tdata_run_end__ - __RAM1_segment_start__) <= __RAM1_segment_size__)), error: .tdata_run is too large to fit in RAM1 memory segment)
                0x000000002000004c                __bss_load_start__ = ALIGN (__tdata_run_end__, 0x4)

.bss            0x000000002000004c     0x1330
                0x000000002000004c                __bss_start__ = .
 *(.bss .bss.* .gnu.linkonce.b.*)
 .bss.log_mempool_nrf_balloc_cb
                0x000000002000004c        0x8 Output/Release/Obj/uart_pca10056/nrf_log_frontend.o
 .bss.log_mempool_nrf_balloc_pool_mem
                0x0000000020000054       0xc0 Output/Release/Obj/uart_pca10056/nrf_log_frontend.o
 .bss.log_mempool_nrf_balloc_pool_stack
                0x0000000020000114        0x8 Output/Release/Obj/uart_pca10056/nrf_log_frontend.o
 .bss.m_log_data
                0x000000002000011c      0x420 Output/Release/Obj/uart_pca10056/nrf_log_frontend.o
 .bss.m_event_handler
                0x000000002000053c        0x4 Output/Release/Obj/uart_pca10056/app_uart_fifo.o
 .bss.m_rx_fifo
                0x0000000020000540       0x10 Output/Release/Obj/uart_pca10056/app_uart_fifo.o
 .bss.m_rx_ovf  0x0000000020000550        0x1 Output/Release/Obj/uart_pca10056/app_uart_fifo.o
 *fill*         0x0000000020000551        0x3 
 .bss.m_tx_fifo
                0x0000000020000554       0x10 Output/Release/Obj/uart_pca10056/app_uart_fifo.o
 .bss.rx_buffer
                0x0000000020000564        0x1 Output/Release/Obj/uart_pca10056/app_uart_fifo.o
 .bss.tx_buffer
                0x0000000020000565        0x1 Output/Release/Obj/uart_pca10056/app_uart_fifo.o
 *fill*         0x0000000020000566        0x2 
 .bss.m_in_critical_region
                0x0000000020000568        0x4 Output/Release/Obj/uart_pca10056/app_util_platform.o
 .bss.m_contexts
                0x000000002000056c        0x8 Output/Release/Obj/uart_pca10056/nrf_drv_uart.o
 .bss.m_handlers
                0x0000000020000574        0x8 Output/Release/Obj/uart_pca10056/nrf_drv_uart.o
 .bss.nrf_drv_uart_use_easy_dma
                0x000000002000057c        0x2 Output/Release/Obj/uart_pca10056/nrf_drv_uart.o
                0x000000002000057c                nrf_drv_uart_use_easy_dma
 *fill*         0x000000002000057e        0x2 
 .bss.m_prs_box_4
                0x0000000020000580        0x8 Output/Release/Obj/uart_pca10056/nrfx_prs.o
 .bss.m_cb      0x0000000020000588       0x2c Output/Release/Obj/uart_pca10056/nrfx_uart.o
 .bss.m_cb      0x00000000200005b4       0x24 Output/Release/Obj/uart_pca10056/nrfx_uarte.o
 .bss.m_cb      0x00000000200005d8       0x5c Output/Release/Obj/uart_pca10056/nrfx_gpiote.o
 .bss.m_contexts
                0x0000000020000634       0x10 Output/Release/Obj/uart_pca10056/nrf_drv_spi.o
 .bss.m_handlers
                0x0000000020000644       0x10 Output/Release/Obj/uart_pca10056/nrf_drv_spi.o
 .bss.m_anomaly_198_preserved_value
                0x0000000020000654        0x4 Output/Release/Obj/uart_pca10056/nrfx_spim.o
 .bss.m_cb      0x0000000020000658       0x6c Output/Release/Obj/uart_pca10056/nrfx_spim.o
 .bss.identity_s
                0x00000000200006c4        0x4 Output/Release/Obj/uart_pca10056/identity.o
                0x00000000200006c4                identity_s
 .bss.rx_packet
                0x00000000200006c8      0x392 Output/Release/Obj/uart_pca10056/instance.o
                0x00000000200006c8                rx_packet
 *fill*         0x0000000020000a5a        0x2 
 .bss.seq_num   0x0000000020000a5c        0x4 Output/Release/Obj/uart_pca10056/instance.o
                0x0000000020000a5c                seq_num
 .bss.tx_num    0x0000000020000a60        0x4 Output/Release/Obj/uart_pca10056/instance.o
                0x0000000020000a60                tx_num
 .bss.tx_packet
                0x0000000020000a64      0x392 Output/Release/Obj/uart_pca10056/instance.o
                0x0000000020000a64                tx_packet
 *fill*         0x0000000020000df6        0x2 
 .bss.instance_info
                0x0000000020000df8       0x74 Output/Release/Obj/uart_pca10056/instance_config.o
                0x0000000020000df8                instance_info
 .bss.rx_buf.1  0x0000000020000e6c      0x100 Output/Release/Obj/uart_pca10056/dw_uart.o
 .bss.tx_buf.0  0x0000000020000f6c      0x100 Output/Release/Obj/uart_pca10056/dw_uart.o
 .bss.idatabuf  0x000000002000106c       0xc8 Output/Release/Obj/uart_pca10056/deca_spi.o
 .bss.itempbuf  0x0000000020001134       0xc8 Output/Release/Obj/uart_pca10056/deca_spi.o
 .bss.pgSpiHandler
                0x00000000200011fc       0x30 Output/Release/Obj/uart_pca10056/deca_spi.o
 .bss.spi_init_stat
                0x000000002000122c        0x1 Output/Release/Obj/uart_pca10056/deca_spi.o
 .bss.spi_xfer_done
                0x000000002000122d        0x1 Output/Release/Obj/uart_pca10056/deca_spi.o
 *fill*         0x000000002000122e        0x2 
 .bss.port_dwic_isr
                0x0000000020001230        0x4 Output/Release/Obj/uart_pca10056/port.o
 .bss.DW3000local
                0x0000000020001234       0x48 Output/Release/Obj/uart_pca10056/deca_device.o
 .bss.crcTable  0x000000002000127c      0x100 Output/Release/Obj/uart_pca10056/deca_device.o
 *(COMMON)
                0x000000002000137c                __bss_end__ = (__bss_start__ + SIZEOF (.bss))
                0x0000000000001330                __bss_size__ = SIZEOF (.bss)
                0x000000002000137c                __bss_load_end__ = __bss_end__
                0x0000000000000001                . = ASSERT (((__bss_start__ == __bss_end__) || ((__bss_end__ - __RAM1_segment_start__) <= __RAM1_segment_size__)), error: .bss is too large to fit in RAM1 memory segment)
                0x000000002000137c                __tbss_load_start__ = ALIGN (__bss_end__, 0x4)

.tbss           0x000000002000137c        0x0
                0x000000002000137c                __tbss_start__ = .
 *(.tbss .tbss.*)
                0x000000002000137c                __tbss_end__ = (__tbss_start__ + SIZEOF (.tbss))
                0x0000000000000000                __tbss_size__ = SIZEOF (.tbss)
                0x000000002000137c                __tbss_load_end__ = __tbss_end__
                0x0000000000000001                . = ASSERT (((__tbss_start__ == __tbss_end__) || ((__tbss_end__ - __RAM1_segment_start__) <= __RAM1_segment_size__)), error: .tbss is too large to fit in RAM1 memory segment)
                0x000000002000137c                __non_init_load_start__ = ALIGN (__tbss_end__, 0x4)

.non_init       0x000000002000137c        0x0
                0x000000002000137c                __non_init_start__ = .
 *(.non_init .non_init.*)
                0x000000002000137c                __non_init_end__ = (__non_init_start__ + SIZEOF (.non_init))
                0x0000000000000000                __non_init_size__ = SIZEOF (.non_init)
                0x000000002000137c                __non_init_load_end__ = __non_init_end__
                0x0000000000000001                . = ASSERT (((__non_init_start__ == __non_init_end__) || ((__non_init_end__ - __RAM1_segment_start__) <= __RAM1_segment_size__)), error: .non_init is too large to fit in RAM1 memory segment)
                0x000000002000137c                __heap_load_start__ = ALIGN (__non_init_end__, 0x4)

.heap           0x000000002000137c     0x2000
                0x000000002000137c                __heap_start__ = .
 *(.heap .heap.*)
                0x000000002000337c                . = ALIGN (MAX ((__heap_start__ + __HEAPSIZE__), .), 0x4)
 *fill*         0x000000002000137c     0x2000 
                0x000000002000337c                __heap_end__ = (__heap_start__ + SIZEOF (.heap))
                0x0000000000002000                __heap_size__ = SIZEOF (.heap)
                0x000000002000337c                __heap_load_end__ = __heap_end__
                0x0000000000000001                . = ASSERT (((__heap_start__ == __heap_end__) || ((__heap_end__ - __RAM1_segment_start__) <= __RAM1_segment_size__)), error: .heap is too large to fit in RAM1 memory segment)
                0x000000002003e000                __stack_load_start__ = (__RAM1_segment_start__ + (__RAM1_segment_size__ - 0x2000))

.stack          0x000000002003e000     0x2000
                0x000000002003e000                __stack_start__ = .
                0x000000002003e000                __StackLimit = __stack_start__
 *(.stack .stack.*)
                0x0000000020040000                . = ALIGN (MAX ((__stack_start__ + __STACKSIZE__), .), 0x8)
 *fill*         0x000000002003e000     0x2000 
                0x0000000020040000                __stack_end__ = (__stack_start__ + SIZEOF (.stack))
                0x0000000000002000                __stack_size__ = SIZEOF (.stack)
                0x0000000020040000                __StackTop = __stack_end__
                0x0000000020040000                __stack_load_end__ = __stack_end__
                0x0000000000000001                . = ASSERT (((__stack_start__ == __stack_end__) || ((__stack_end__ - __RAM1_segment_start__) <= __RAM1_segment_size__)), error: .stack is too large to fit in RAM1 memory segment)
                0x0000000000000001                . = ASSERT ((__heap_end__ <= __stack_start__), error: section .heap overlaps absolute placed section .stack)
                0x0000000020040000                __stack_process_load_start__ = ALIGN (__stack_end__, 0x8)

.stack_process  0x0000000020040000        0x0
                0x0000000020040000                __stack_process_start__ = .
 *(.stack_process .stack_process.*)
                0x0000000020040000                . = ALIGN (MAX ((__stack_process_start__ + __STACKSIZE_PROCESS__), .), 0x8)
                0x0000000020040000                __stack_process_end__ = (__stack_process_start__ + SIZEOF (.stack_process))
                0x0000000000000000                __stack_process_size__ = SIZEOF (.stack_process)
                0x0000000020040000                __stack_process_load_end__ = __stack_process_end__
                0x0000000020040000                __RAM1_segment_used_end__ = (ALIGN (__stack_end__, 0x8) + SIZEOF (.stack_process))
                0x0000000000040000                __RAM1_segment_used_size__ = (__RAM1_segment_used_end__ - __RAM1_segment_start__)
                0x0000000000000001                . = ASSERT (((__stack_process_start__ == __stack_process_end__) || ((__stack_process_end__ - __RAM1_segment_start__) <= __RAM1_segment_size__)), error: .stack_process is too large to fit in RAM1 memory segment)
START GROUP
LOAD Output/Release/Obj/uart_pca10056/thumb_crt0.o
LOAD Output/Release/Obj/uart_pca10056/nrf_log_frontend.o
LOAD Output/Release/Obj/uart_pca10056/nrf_log_str_formatter.o
LOAD Output/Release/Obj/uart_pca10056/boards.o
LOAD Output/Release/Obj/uart_pca10056/app_error.o
LOAD Output/Release/Obj/uart_pca10056/app_error_handler_gcc.o
LOAD Output/Release/Obj/uart_pca10056/app_error_weak.o
LOAD Output/Release/Obj/uart_pca10056/app_fifo.o
LOAD Output/Release/Obj/uart_pca10056/app_uart_fifo.o
LOAD Output/Release/Obj/uart_pca10056/app_util_platform.o
LOAD Output/Release/Obj/uart_pca10056/nrf_assert.o
LOAD Output/Release/Obj/uart_pca10056/nrf_atomic.o
LOAD Output/Release/Obj/uart_pca10056/nrf_balloc.o
LOAD Output/Release/Obj/uart_pca10056/nrf_fprintf.o
LOAD Output/Release/Obj/uart_pca10056/nrf_fprintf_format.o
LOAD Output/Release/Obj/uart_pca10056/nrf_memobj.o
LOAD Output/Release/Obj/uart_pca10056/nrf_ringbuf.o
LOAD Output/Release/Obj/uart_pca10056/nrf_strerror.o
LOAD Output/Release/Obj/uart_pca10056/retarget.o
LOAD Output/Release/Obj/uart_pca10056/nrf_drv_uart.o
LOAD Output/Release/Obj/uart_pca10056/nrfx_atomic.o
LOAD Output/Release/Obj/uart_pca10056/nrfx_prs.o
LOAD Output/Release/Obj/uart_pca10056/nrfx_uart.o
LOAD Output/Release/Obj/uart_pca10056/nrfx_uarte.o
LOAD Output/Release/Obj/uart_pca10056/nrfx_gpiote.o
LOAD Output/Release/Obj/uart_pca10056/nrf_drv_spi.o
LOAD Output/Release/Obj/uart_pca10056/nrf_drv_clock.o
LOAD Output/Release/Obj/uart_pca10056/nrf_drv_power.o
LOAD Output/Release/Obj/uart_pca10056/nrf_drv_rng.o
LOAD Output/Release/Obj/uart_pca10056/nrf_drv_spis.o
LOAD Output/Release/Obj/uart_pca10056/nrf_drv_swi.o
LOAD Output/Release/Obj/uart_pca10056/nrf_drv_twi.o
LOAD Output/Release/Obj/uart_pca10056/nrfx_spim.o
LOAD Output/Release/Obj/uart_pca10056/ses_startup_nrf52840.o
LOAD Output/Release/Obj/uart_pca10056/ses_startup_nrf_common.o
LOAD Output/Release/Obj/uart_pca10056/system_nrf52840.o
LOAD Output/Release/Obj/uart_pca10056/identity.o
LOAD Output/Release/Obj/uart_pca10056/instance.o
LOAD Output/Release/Obj/uart_pca10056/instance_config.o
LOAD Output/Release/Obj/uart_pca10056/main.o
LOAD Output/Release/Obj/uart_pca10056/dw_uart.o
LOAD Output/Release/Obj/uart_pca10056/deca_mutex.o
LOAD Output/Release/Obj/uart_pca10056/deca_sleep.o
LOAD Output/Release/Obj/uart_pca10056/deca_spi.o
LOAD Output/Release/Obj/uart_pca10056/port.o
LOAD Output/Release/Obj/uart_pca10056/deca_device.o
LOAD C:/Users/alire/ncs/v1.8.0/toolchain/segger_embedded_studio/lib/libm_v7em_fpv4_sp_d16_hard_t_le_eabi.a
LOAD C:/Users/alire/ncs/v1.8.0/toolchain/segger_embedded_studio/lib/libc_v7em_fpv4_sp_d16_hard_t_le_eabi.a
LOAD C:/Users/alire/ncs/v1.8.0/toolchain/segger_embedded_studio/lib/libdebugio_v7em_fpv4_sp_d16_hard_t_le_eabi.a
END GROUP
OUTPUT(Output/Release/Exe/uart_pca10056.elf elf32-littlearm)
LOAD linker stubs

.ARM.attributes
                0x0000000000000000       0x32
 .ARM.attributes
                0x0000000000000000       0x20 Output/Release/Obj/uart_pca10056/thumb_crt0.o
 .ARM.attributes
                0x0000000000000020       0x39 Output/Release/Obj/uart_pca10056/nrf_log_frontend.o
 .ARM.attributes
                0x0000000000000059       0x39 Output/Release/Obj/uart_pca10056/boards.o
 .ARM.attributes
                0x0000000000000092       0x36 Output/Release/Obj/uart_pca10056/app_error.o
 .ARM.attributes
                0x00000000000000c8       0x36 Output/Release/Obj/uart_pca10056/app_error_weak.o
 .ARM.attributes
                0x00000000000000fe       0x36 Output/Release/Obj/uart_pca10056/app_fifo.o
 .ARM.attributes
                0x0000000000000134       0x36 Output/Release/Obj/uart_pca10056/app_uart_fifo.o
 .ARM.attributes
                0x000000000000016a       0x36 Output/Release/Obj/uart_pca10056/app_util_platform.o
 .ARM.attributes
                0x00000000000001a0       0x36 Output/Release/Obj/uart_pca10056/nrf_atomic.o
 .ARM.attributes
                0x00000000000001d6       0x36 Output/Release/Obj/uart_pca10056/nrf_balloc.o
 .ARM.attributes
                0x000000000000020c       0x36 Output/Release/Obj/uart_pca10056/nrf_memobj.o
 .ARM.attributes
                0x0000000000000242       0x39 Output/Release/Obj/uart_pca10056/nrf_drv_uart.o
 .ARM.attributes
                0x000000000000027b       0x39 Output/Release/Obj/uart_pca10056/nrfx_prs.o
 .ARM.attributes
                0x00000000000002b4       0x39 Output/Release/Obj/uart_pca10056/nrfx_uart.o
 .ARM.attributes
                0x00000000000002ed       0x39 Output/Release/Obj/uart_pca10056/nrfx_uarte.o
 .ARM.attributes
                0x0000000000000326       0x39 Output/Release/Obj/uart_pca10056/nrfx_gpiote.o
 .ARM.attributes
                0x000000000000035f       0x39 Output/Release/Obj/uart_pca10056/nrf_drv_spi.o
 .ARM.attributes
                0x0000000000000398       0x39 Output/Release/Obj/uart_pca10056/nrf_drv_clock.o
 .ARM.attributes
                0x00000000000003d1       0x39 Output/Release/Obj/uart_pca10056/nrfx_spim.o
 .ARM.attributes
                0x000000000000040a       0x20 Output/Release/Obj/uart_pca10056/ses_startup_nrf52840.o
 .ARM.attributes
                0x000000000000042a       0x20 Output/Release/Obj/uart_pca10056/ses_startup_nrf_common.o
 .ARM.attributes
                0x000000000000044a       0x36 Output/Release/Obj/uart_pca10056/system_nrf52840.o
 .ARM.attributes
                0x0000000000000480       0x39 Output/Release/Obj/uart_pca10056/identity.o
 .ARM.attributes
                0x00000000000004b9       0x36 Output/Release/Obj/uart_pca10056/instance.o
 .ARM.attributes
                0x00000000000004ef       0x36 Output/Release/Obj/uart_pca10056/instance_config.o
 .ARM.attributes
                0x0000000000000525       0x39 Output/Release/Obj/uart_pca10056/main.o
 .ARM.attributes
                0x000000000000055e       0x39 Output/Release/Obj/uart_pca10056/dw_uart.o
 .ARM.attributes
                0x0000000000000597       0x39 Output/Release/Obj/uart_pca10056/deca_mutex.o
 .ARM.attributes
                0x00000000000005d0       0x39 Output/Release/Obj/uart_pca10056/deca_sleep.o
 .ARM.attributes
                0x0000000000000609       0x39 Output/Release/Obj/uart_pca10056/deca_spi.o
 .ARM.attributes
                0x0000000000000642       0x39 Output/Release/Obj/uart_pca10056/port.o
 .ARM.attributes
                0x000000000000067b       0x39 Output/Release/Obj/uart_pca10056/deca_device.o
 .ARM.attributes
                0x00000000000006b4       0x20 C:/Users/alire/ncs/v1.8.0/toolchain/segger_embedded_studio/lib/libc_v7em_fpv4_sp_d16_hard_t_le_eabi.a(libc2_asm.o)

.comment        0x0000000000000000       0x64
 .comment       0x0000000000000000       0x25 Output/Release/Obj/uart_pca10056/nrf_log_frontend.o
                                         0x26 (size before relaxing)
 .comment       0x0000000000000025       0x26 Output/Release/Obj/uart_pca10056/boards.o
 .comment       0x0000000000000025       0x3f Output/Release/Obj/uart_pca10056/app_error.o
                                         0x40 (size before relaxing)
 .comment       0x0000000000000064       0x40 Output/Release/Obj/uart_pca10056/app_error_weak.o
 .comment       0x0000000000000064       0x40 Output/Release/Obj/uart_pca10056/app_fifo.o
 .comment       0x0000000000000064       0x40 Output/Release/Obj/uart_pca10056/app_uart_fifo.o
 .comment       0x0000000000000064       0x40 Output/Release/Obj/uart_pca10056/app_util_platform.o
 .comment       0x0000000000000064       0x40 Output/Release/Obj/uart_pca10056/nrf_atomic.o
 .comment       0x0000000000000064       0x40 Output/Release/Obj/uart_pca10056/nrf_balloc.o
 .comment       0x0000000000000064       0x40 Output/Release/Obj/uart_pca10056/nrf_memobj.o
 .comment       0x0000000000000064       0x26 Output/Release/Obj/uart_pca10056/nrf_drv_uart.o
 .comment       0x0000000000000064       0x26 Output/Release/Obj/uart_pca10056/nrfx_prs.o
 .comment       0x0000000000000064       0x26 Output/Release/Obj/uart_pca10056/nrfx_uart.o
 .comment       0x0000000000000064       0x26 Output/Release/Obj/uart_pca10056/nrfx_uarte.o
 .comment       0x0000000000000064       0x26 Output/Release/Obj/uart_pca10056/nrfx_gpiote.o
 .comment       0x0000000000000064       0x26 Output/Release/Obj/uart_pca10056/nrf_drv_spi.o
 .comment       0x0000000000000064       0x26 Output/Release/Obj/uart_pca10056/nrf_drv_clock.o
 .comment       0x0000000000000064       0x26 Output/Release/Obj/uart_pca10056/nrfx_spim.o
 .comment       0x0000000000000064       0x40 Output/Release/Obj/uart_pca10056/system_nrf52840.o
 .comment       0x0000000000000064       0x26 Output/Release/Obj/uart_pca10056/identity.o
 .comment       0x0000000000000064       0x40 Output/Release/Obj/uart_pca10056/instance.o
 .comment       0x0000000000000064       0x40 Output/Release/Obj/uart_pca10056/instance_config.o
 .comment       0x0000000000000064       0x26 Output/Release/Obj/uart_pca10056/main.o
 .comment       0x0000000000000064       0x26 Output/Release/Obj/uart_pca10056/dw_uart.o
 .comment       0x0000000000000064       0x26 Output/Release/Obj/uart_pca10056/deca_mutex.o
 .comment       0x0000000000000064       0x26 Output/Release/Obj/uart_pca10056/deca_sleep.o
 .comment       0x0000000000000064       0x26 Output/Release/Obj/uart_pca10056/deca_spi.o
 .comment       0x0000000000000064       0x26 Output/Release/Obj/uart_pca10056/port.o
 .comment       0x0000000000000064       0x26 Output/Release/Obj/uart_pca10056/deca_device.o

.debug_line     0x0000000000000000    0x16092
 .debug_line    0x0000000000000000      0x21d Output/Release/Obj/uart_pca10056/thumb_crt0.o
 .debug_line    0x000000000000021d     0x128c Output/Release/Obj/uart_pca10056/nrf_log_frontend.o
 .debug_line    0x00000000000014a9      0xb13 Output/Release/Obj/uart_pca10056/boards.o
 .debug_line    0x0000000000001fbc      0x3fd Output/Release/Obj/uart_pca10056/app_error.o
 .debug_line    0x00000000000023b9      0x6bf Output/Release/Obj/uart_pca10056/app_error_weak.o
 .debug_line    0x0000000000002a78      0x745 Output/Release/Obj/uart_pca10056/app_fifo.o
 .debug_line    0x00000000000031bd      0xaee Output/Release/Obj/uart_pca10056/app_uart_fifo.o
 .debug_line    0x0000000000003cab      0x48b Output/Release/Obj/uart_pca10056/app_util_platform.o
 .debug_line    0x0000000000004136      0x6e1 Output/Release/Obj/uart_pca10056/nrf_atomic.o
 .debug_line    0x0000000000004817      0x6f2 Output/Release/Obj/uart_pca10056/nrf_balloc.o
 .debug_line    0x0000000000004f09      0x848 Output/Release/Obj/uart_pca10056/nrf_memobj.o
 .debug_line    0x0000000000005751      0x69e Output/Release/Obj/uart_pca10056/nrf_drv_uart.o
 .debug_line    0x0000000000005def      0x749 Output/Release/Obj/uart_pca10056/nrfx_prs.o
 .debug_line    0x0000000000006538     0x17ac Output/Release/Obj/uart_pca10056/nrfx_uart.o
 .debug_line    0x0000000000007ce4     0x173a Output/Release/Obj/uart_pca10056/nrfx_uarte.o
 .debug_line    0x000000000000941e     0x1ccd Output/Release/Obj/uart_pca10056/nrfx_gpiote.o
 .debug_line    0x000000000000b0eb      0x65c Output/Release/Obj/uart_pca10056/nrf_drv_spi.o
 .debug_line    0x000000000000b747      0xba0 Output/Release/Obj/uart_pca10056/nrf_drv_clock.o
 .debug_line    0x000000000000c2e7     0x1334 Output/Release/Obj/uart_pca10056/nrfx_spim.o
 .debug_line    0x000000000000d61b       0xb0 Output/Release/Obj/uart_pca10056/ses_startup_nrf52840.o
 .debug_line    0x000000000000d6cb       0xcf Output/Release/Obj/uart_pca10056/ses_startup_nrf_common.o
 .debug_line    0x000000000000d79a      0x6ae Output/Release/Obj/uart_pca10056/system_nrf52840.o
 .debug_line    0x000000000000de48      0x799 Output/Release/Obj/uart_pca10056/identity.o
 .debug_line    0x000000000000e5e1      0xd10 Output/Release/Obj/uart_pca10056/instance.o
 .debug_line    0x000000000000f2f1      0x86d Output/Release/Obj/uart_pca10056/instance_config.o
 .debug_line    0x000000000000fb5e      0x63e Output/Release/Obj/uart_pca10056/main.o
 .debug_line    0x000000000001019c      0x6b3 Output/Release/Obj/uart_pca10056/dw_uart.o
 .debug_line    0x000000000001084f      0x733 Output/Release/Obj/uart_pca10056/deca_mutex.o
 .debug_line    0x0000000000010f82      0x733 Output/Release/Obj/uart_pca10056/deca_sleep.o
 .debug_line    0x00000000000116b5      0xf9d Output/Release/Obj/uart_pca10056/deca_spi.o
 .debug_line    0x0000000000012652      0xbe0 Output/Release/Obj/uart_pca10056/port.o
 .debug_line    0x0000000000013232     0x2e60 Output/Release/Obj/uart_pca10056/deca_device.o

.debug_info     0x0000000000000000    0x23dbb
 .debug_info    0x0000000000000000       0x22 Output/Release/Obj/uart_pca10056/thumb_crt0.o
 .debug_info    0x0000000000000022     0x2330 Output/Release/Obj/uart_pca10056/nrf_log_frontend.o
 .debug_info    0x0000000000002352      0xcf8 Output/Release/Obj/uart_pca10056/boards.o
 .debug_info    0x000000000000304a      0x2a4 Output/Release/Obj/uart_pca10056/app_error.o
 .debug_info    0x00000000000032ee      0x4a1 Output/Release/Obj/uart_pca10056/app_error_weak.o
 .debug_info    0x000000000000378f      0x6b6 Output/Release/Obj/uart_pca10056/app_fifo.o
 .debug_info    0x0000000000003e45     0x16e2 Output/Release/Obj/uart_pca10056/app_uart_fifo.o
 .debug_info    0x0000000000005527      0x7a9 Output/Release/Obj/uart_pca10056/app_util_platform.o
 .debug_info    0x0000000000005cd0      0x933 Output/Release/Obj/uart_pca10056/nrf_atomic.o
 .debug_info    0x0000000000006603      0x3a6 Output/Release/Obj/uart_pca10056/nrf_balloc.o
 .debug_info    0x00000000000069a9      0x8bb Output/Release/Obj/uart_pca10056/nrf_memobj.o
 .debug_info    0x0000000000007264     0x11c7 Output/Release/Obj/uart_pca10056/nrf_drv_uart.o
 .debug_info    0x000000000000842b      0x7c9 Output/Release/Obj/uart_pca10056/nrfx_prs.o
 .debug_info    0x0000000000008bf4     0x3169 Output/Release/Obj/uart_pca10056/nrfx_uart.o
 .debug_info    0x000000000000bd5d     0x3330 Output/Release/Obj/uart_pca10056/nrfx_uarte.o
 .debug_info    0x000000000000f08d     0x36fd Output/Release/Obj/uart_pca10056/nrfx_gpiote.o
 .debug_info    0x000000000001278a      0xf12 Output/Release/Obj/uart_pca10056/nrf_drv_spi.o
 .debug_info    0x000000000001369c      0xe71 Output/Release/Obj/uart_pca10056/nrf_drv_clock.o
 .debug_info    0x000000000001450d     0x2986 Output/Release/Obj/uart_pca10056/nrfx_spim.o
 .debug_info    0x0000000000016e93       0x23 Output/Release/Obj/uart_pca10056/ses_startup_nrf52840.o
 .debug_info    0x0000000000016eb6       0x23 Output/Release/Obj/uart_pca10056/ses_startup_nrf_common.o
 .debug_info    0x0000000000016ed9     0x1754 Output/Release/Obj/uart_pca10056/system_nrf52840.o
 .debug_info    0x000000000001862d      0x233 Output/Release/Obj/uart_pca10056/identity.o
 .debug_info    0x0000000000018860     0x14ea Output/Release/Obj/uart_pca10056/instance.o
 .debug_info    0x0000000000019d4a      0xd8a Output/Release/Obj/uart_pca10056/instance_config.o
 .debug_info    0x000000000001aad4       0xf7 Output/Release/Obj/uart_pca10056/main.o
 .debug_info    0x000000000001abcb      0x42d Output/Release/Obj/uart_pca10056/dw_uart.o
 .debug_info    0x000000000001aff8      0x141 Output/Release/Obj/uart_pca10056/deca_mutex.o
 .debug_info    0x000000000001b139      0x1e5 Output/Release/Obj/uart_pca10056/deca_sleep.o
 .debug_info    0x000000000001b31e     0x18bc Output/Release/Obj/uart_pca10056/deca_spi.o
 .debug_info    0x000000000001cbda      0xefe Output/Release/Obj/uart_pca10056/port.o
 .debug_info    0x000000000001dad8     0x62e3 Output/Release/Obj/uart_pca10056/deca_device.o

.debug_abbrev   0x0000000000000000     0x581f
 .debug_abbrev  0x0000000000000000       0x12 Output/Release/Obj/uart_pca10056/thumb_crt0.o
 .debug_abbrev  0x0000000000000012      0x612 Output/Release/Obj/uart_pca10056/nrf_log_frontend.o
 .debug_abbrev  0x0000000000000624      0x313 Output/Release/Obj/uart_pca10056/boards.o
 .debug_abbrev  0x0000000000000937      0x13e Output/Release/Obj/uart_pca10056/app_error.o
 .debug_abbrev  0x0000000000000a75      0x21b Output/Release/Obj/uart_pca10056/app_error_weak.o
 .debug_abbrev  0x0000000000000c90      0x188 Output/Release/Obj/uart_pca10056/app_fifo.o
 .debug_abbrev  0x0000000000000e18      0x397 Output/Release/Obj/uart_pca10056/app_uart_fifo.o
 .debug_abbrev  0x00000000000011af      0x23c Output/Release/Obj/uart_pca10056/app_util_platform.o
 .debug_abbrev  0x00000000000013eb      0x199 Output/Release/Obj/uart_pca10056/nrf_atomic.o
 .debug_abbrev  0x0000000000001584      0x1fc Output/Release/Obj/uart_pca10056/nrf_balloc.o
 .debug_abbrev  0x0000000000001780      0x1ff Output/Release/Obj/uart_pca10056/nrf_memobj.o
 .debug_abbrev  0x000000000000197f      0x22d Output/Release/Obj/uart_pca10056/nrf_drv_uart.o